
Allocating common symbols
Common symbol       size              file

pok_idt             0x800             kernel/kernel.lo
pok_x86_pm_heap_end
                    0x4               kernel/kernel.lo
pok_multiboot_magic
                    0x4               kernel/kernel.lo
pok_x86_pm_heap_start
                    0x4               kernel/kernel.lo
pok_sched_next_major_frame
                    0x8               kernel/kernel.lo
pok_multiboot_info  0x4               kernel/kernel.lo
pit_freq            0x4               kernel/kernel.lo
pok_threads         0x24c             kernel/kernel.lo
pok_stack           0x4000            kernel/kernel.lo
pok_x86_pm_brk      0x4               kernel/kernel.lo
pok_sched_next_deadline
                    0x8               kernel/kernel.lo
pok_global_sched    0x4               kernel/kernel.lo
pok_partitions      0xb8              kernel/kernel.lo
pok_gdt             0x800             kernel/kernel.lo
pok_sched_next_flush
                    0x8               kernel/kernel.lo
g_cons              0x3               kernel/kernel.lo
pok_tss             0x68              kernel/kernel.lo
pok_partitions_lockobjs
                    0x80              kernel/kernel.lo
pok_current_partition
                    0x2               kernel/kernel.lo

Discarded input sections

 .group         0x0000000000000000        0x8 kernel/kernel.lo
 .group         0x0000000000000000        0x8 kernel/kernel.lo
 .group         0x0000000000000000        0x8 kernel/kernel.lo
 .group         0x0000000000000000        0x8 kernel/kernel.lo
 .group         0x0000000000000000        0x8 kernel/kernel.lo
 .group         0x0000000000000000        0x8 kernel/kernel.lo
 .group         0x0000000000000000        0x8 kernel/kernel.lo

Memory Configuration

Name             Origin             Length             Attributes
*default*        0x0000000000000000 0xffffffffffffffff

Linker script and memory map

                0x0000000000100000                . = 0x100000
                0x0000000000100000                __pok_begin = .

.text           0x0000000000100000     0x4ba0
 *(.multiboot)
 .multiboot     0x0000000000100000       0x14 kernel/kernel.lo
 *(.text)
 .text          0x0000000000100014     0x4b8c kernel/kernel.lo
                0x0000000000100014                pok_partition_setup_scheduler
                0x0000000000100037                pok_partition_setup_main_thread
                0x00000000001000bf                pok_partition_init
                0x000000000010026f                pok_partition_set_mode
                0x0000000000100466                pok_partition_set_mode_current
                0x00000000001004be                pok_current_partition_get_id
                0x00000000001004de                pok_current_partition_get_period
                0x0000000000100511                pok_current_partition_get_duration
                0x0000000000100542                pok_current_partition_get_operating_mode
                0x000000000010056e                pok_current_partition_get_lock_level
                0x000000000010059a                pok_current_partition_get_start_condition
                0x00000000001005c6                debug_strlen
                0x00000000001005e5                pok_debug_print_current_state
                0x00000000001008b5                pok_fatal
                0x0000000000100908                pok_lockobj_init
                0x000000000010092f                pok_lockobj_create
                0x00000000001009cc                pok_lockobj_partition_create
                0x0000000000100ad2                pok_lockobj_eventsignal
                0x0000000000100b47                pok_lockobj_eventbroadcast
                0x0000000000100bb6                pok_lockobj_lock
                0x0000000000100d2d                pok_lockobj_unlock
                0x0000000000100e32                pok_lockobj_eventwait
                0x0000000000100f4c                pok_lockobj_partition_wrapper
                0x0000000000101085                pok_thread_init
                0x0000000000101241                pok_partition_thread_create
                0x0000000000101436                pok_thread_start
                0x0000000000101450                pok_thread_sleep
                0x000000000010149a                pok_thread_suspend
                0x00000000001014cc                pok_thread_delayed_start
                0x000000000010166c                pok_thread_get_status
                0x00000000001016f2                pok_thread_set_priority
                0x0000000000101756                pok_thread_resume
                0x00000000001017cb                pok_thread_suspend_target
                0x0000000000101826                pok_sched_init
                0x00000000001018e7                pok_sched_get_priority_min
                0x00000000001018ed                pok_sched_get_priority_max
                0x00000000001018f3                pok_elect_partition
                0x0000000000101961                pok_elect_thread
                0x0000000000101b86                pok_sched_context_switch
                0x0000000000101bfc                pok_sched
                0x0000000000101c78                pok_sched_part_pri_p
                0x0000000000101d34                pok_sched_part_pri_nop
                0x0000000000101e6b                pok_sched_part_edf_p
                0x0000000000101f5a                pok_sched_part_edf_nop
                0x00000000001020c2                pok_sched_part_fifo
                0x0000000000102139                pok_sched_part_rr
                0x00000000001021bc                pok_sched_unlock_thread
                0x00000000001021da                pok_sched_lock_current_thread
                0x00000000001021fa                pok_sched_lock_current_thread_timed
                0x0000000000102228                pok_sched_stop_self
                0x0000000000102262                pok_sched_stop_thread
                0x0000000000102280                pok_sched_end_period
                0x00000000001022cd                pok_sched_get_current
                0x00000000001022f7                pok_time_init
                0x0000000000102333                pok_gettick_by_pointer
                0x000000000010235a                pok_core_syscall
                0x0000000000102aa4                pok_loader_load_partition
                0x0000000000102be3                pok_boot
                0x0000000000102c3a                pok_print_char
                0x0000000000102c75                pok_print_attr
                0x0000000000102cb0                pok_write
                0x0000000000102cf1                pok_print_init
                0x0000000000102d15                memcpy
                0x0000000000102d3c                memset
                0x0000000000102d5e                __udivdi3
                0x0000000000102e18                __umoddi3
                0x000000000010306e                vprintf
                0x00000000001031db                printf
                0x0000000000103202                strlen
                0x0000000000103221                strcmp
                0x0000000000103263                strncmp
                0x00000000001032c1                pok_cons_attr
                0x00000000001032d9                is_transmitter_holding_register
                0x00000000001032e6                write_serial
                0x00000000001032fd                pok_cons_print_char
                0x0000000000103468                is_received_data_ready
                0x0000000000103472                read_serial
                0x000000000010348a                pok_cons_get_char
                0x00000000001034a9                pok_cons_clear
                0x000000000010352f                pok_cons_write
                0x000000000010364e                pok_cons_disable_cursor
                0x0000000000103682                pok_cons_init
                0x000000000010372b                core_entry
                0x000000000010372b                _core_entry
                0x0000000000103748                pok_bsp_init
                0x000000000010377f                pok_bsp_irq_acknowledge
                0x00000000001037b2                pok_bsp_irq_register
                0x00000000001037fc                pok_bsp_mem_alloc
                0x0000000000103828                pok_bsp_time_init
                0x0000000000103850                pok_pm_init
                0x0000000000103899                pok_pm_sbrk
                0x00000000001038b4                pok_pic_init
                0x0000000000103911                pok_pic_mask
                0x000000000010395e                pok_pic_unmask
                0x00000000001039ab                pok_pic_eoi
                0x00000000001039c7                pit_interrupt
                0x00000000001039ec                pit_interrupt_handler
                0x0000000000103a69                pok_x86_qemu_timer_init
                0x0000000000103ae2                pok_arch_init
                0x0000000000103b14                pok_arch_preempt_disable
                0x0000000000103b1b                pok_arch_preempt_enable
                0x0000000000103b22                pok_arch_idle
                0x0000000000103b25                pok_arch_event_register
                0x0000000000103b62                pok_thread_stack_addr
                0x0000000000103b8b                tss_set_esp0
                0x0000000000103ba3                gdt_set_segment
                0x0000000000103c96                gdt_set_system
                0x0000000000103d23                pok_tss_init
                0x0000000000103d83                pok_gdt_init
                0x0000000000103e13                gdt_enable
                0x0000000000103e2e                gdt_disable
                0x0000000000103e49                pok_idt_init
                0x0000000000103e96                pok_event_init
                0x0000000000103ecd                pok_idt_set_gate
                0x0000000000103f3e                pok_context_switch
                0x0000000000103f53                pok_context_create
                0x0000000000103fc0                pok_context_reset
                0x0000000000104027                pok_dispatch_space
                0x00000000001040de                pok_create_space
                0x0000000000104140                pok_space_switch
                0x00000000001041ac                pok_space_base_vaddr
                0x00000000001041b2                pok_space_context_create
                0x0000000000104263                syscall_gate
                0x000000000010428c                syscall_gate_handler
                0x000000000010432c                pok_syscall_init
                0x0000000000104367                update_tss
                0x000000000010438b                exception_divide_error
                0x00000000001043b0                exception_debug
                0x00000000001043d5                exception_nmi
                0x00000000001043fa                exception_breakpoint
                0x000000000010441f                exception_overflow
                0x0000000000104444                exception_boundrange
                0x0000000000104469                exception_invalidopcode
                0x000000000010448e                exception_nomath_coproc
                0x00000000001044b3                exception_doublefault
                0x00000000001044d5                exception_copseg_overrun
                0x00000000001044fa                exception_invalid_tss
                0x000000000010451c                exception_segment_not_present
                0x000000000010453e                exception_stackseg_fault
                0x0000000000104560                exception_general_protection
                0x0000000000104582                exception_pagefault
                0x00000000001045a4                exception_fpu_fault
                0x00000000001045c9                exception_alignement_check
                0x00000000001045eb                exception_machine_check
                0x0000000000104610                exception_simd_fault
                0x00000000001046fd                pok_exception_init
                0x000000000010474e                exception_divide_error_handler
                0x000000000010477d                exception_debug_handler
                0x00000000001047b8                exception_nmi_handler
                0x00000000001047f3                exception_breakpoint_handler
                0x000000000010482e                exception_overflow_handler
                0x0000000000104869                exception_boundrange_handler
                0x00000000001048a4                exception_invalidopcode_handler
                0x00000000001048df                exception_nomath_coproc_handler
                0x000000000010491a                exception_doublefault_handler
                0x0000000000104955                exception_copseg_overrun_handler
                0x0000000000104990                exception_invalid_tss_handler
                0x00000000001049cb                exception_segment_not_present_handler
                0x0000000000104a06                exception_stackseg_fault_handler
                0x0000000000104a41                exception_general_protection_handler
                0x0000000000104a7c                exception_pagefault_handler
                0x0000000000104ab7                exception_fpu_fault_handler
                0x0000000000104af2                exception_alignement_check_handler
                0x0000000000104b2d                exception_machine_check_handler
                0x0000000000104b65                exception_simd_fault_handler
 .text          0x0000000000104ba0        0x0 sizes.o

.text.__x86.get_pc_thunk.ax
                0x0000000000104ba0        0x4
 .text.__x86.get_pc_thunk.ax
                0x0000000000104ba0        0x4 kernel/kernel.lo
                0x0000000000104ba0                __x86.get_pc_thunk.ax

.text.__x86.get_pc_thunk.dx
                0x0000000000104ba4        0x4
 .text.__x86.get_pc_thunk.dx
                0x0000000000104ba4        0x4 kernel/kernel.lo
                0x0000000000104ba4                __x86.get_pc_thunk.dx

.text.__x86.get_pc_thunk.bx
                0x0000000000104ba8        0x4
 .text.__x86.get_pc_thunk.bx
                0x0000000000104ba8        0x4 kernel/kernel.lo
                0x0000000000104ba8                __x86.get_pc_thunk.bx

.text.__x86.get_pc_thunk.bp
                0x0000000000104bac        0x4
 .text.__x86.get_pc_thunk.bp
                0x0000000000104bac        0x4 kernel/kernel.lo
                0x0000000000104bac                __x86.get_pc_thunk.bp

.text.__x86.get_pc_thunk.cx
                0x0000000000104bb0        0x4
 .text.__x86.get_pc_thunk.cx
                0x0000000000104bb0        0x4 kernel/kernel.lo
                0x0000000000104bb0                __x86.get_pc_thunk.cx

.text.__x86.get_pc_thunk.si
                0x0000000000104bb4        0x4
 .text.__x86.get_pc_thunk.si
                0x0000000000104bb4        0x4 kernel/kernel.lo
                0x0000000000104bb4                __x86.get_pc_thunk.si

.text.__x86.get_pc_thunk.di
                0x0000000000104bb8        0x4
 .text.__x86.get_pc_thunk.di
                0x0000000000104bb8        0x4 kernel/kernel.lo
                0x0000000000104bb8                __x86.get_pc_thunk.di

.iplt           0x0000000000104bc0        0x0
 .iplt          0x0000000000104bc0        0x0 kernel/kernel.lo

.rodata         0x0000000000104bbc       0x29
 *(.rodata)
 .rodata        0x0000000000104bbc       0x29 kernel/kernel.lo

.rodata.str1.1  0x0000000000104be5      0x489
 .rodata.str1.1
                0x0000000000104be5      0x489 kernel/kernel.lo
                                        0x48b (size before relaxing)

.rodata.str1.4  0x0000000000105070       0xfc
 .rodata.str1.4
                0x0000000000105070       0xfc kernel/kernel.lo
                                         0xfb (size before relaxing)

.eh_frame       0x000000000010516c     0x1c58
 .eh_frame      0x000000000010516c     0x1c58 kernel/kernel.lo
                                       0x1f10 (size before relaxing)

.rel.dyn        0x0000000000106dc4        0x0
 .rel.got       0x0000000000106dc4        0x0 kernel/kernel.lo
 .rel.iplt      0x0000000000106dc4        0x0 kernel/kernel.lo
 .rel.text      0x0000000000106dc4        0x0 kernel/kernel.lo

.data           0x0000000000106de0    0x59cf6
 *(.data)
 .data          0x0000000000106de0       0x40 kernel/kernel.lo
                0x0000000000106de0                current_thread
                0x0000000000106de4                pok_sched_slots_allocation
                0x0000000000106e00                pok_sched_slots
 .data          0x0000000000106e20        0x8 sizes.o
                0x0000000000106e20                part_sizes
 *(.bss)
 *fill*         0x0000000000106e28       0x18 
 .bss           0x0000000000106e40     0x2048 kernel/kernel.lo
                0x0000000000106e40                pok_partitions_index
                0x0000000000106e42                pok_sched_current_slot
                0x0000000000106e48                pok_tick_counter
                0x0000000000106e50                pok_print_attr_fn
                0x0000000000106e54                pok_print_char_fn
 .bss           0x0000000000108e88        0x0 sizes.o
 *(COMMON)
 *fill*         0x0000000000108e88       0x18 
 COMMON         0x0000000000108ea0     0x5482 kernel/kernel.lo
                0x0000000000108ea0                pok_idt
                0x00000000001096a0                pok_x86_pm_heap_end
                0x00000000001096a4                pok_multiboot_magic
                0x00000000001096a8                pok_x86_pm_heap_start
                0x00000000001096b0                pok_sched_next_major_frame
                0x00000000001096b8                pok_multiboot_info
                0x00000000001096bc                pit_freq
                0x00000000001096c0                pok_threads
                0x0000000000109910                pok_stack
                0x000000000010d910                pok_x86_pm_brk
                0x000000000010d918                pok_sched_next_deadline
                0x000000000010d920                pok_global_sched
                0x000000000010d940                pok_partitions
                0x000000000010da00                pok_gdt
                0x000000000010e200                pok_sched_next_flush
                0x000000000010e208                g_cons
                0x000000000010e220                pok_tss
                0x000000000010e2a0                pok_partitions_lockobjs
                0x000000000010e320                pok_current_partition
                0x000000000010e322                __archive_begin = .
 *(.archive)
                0x000000000010e322                __archive_end = .
                0x000000000010e322                __archive2_begin = .
 *(.archive2)
 .archive2      0x000000000010e322    0x527b4 sizes.o
                0x0000000000160ad6                __archive2_end = .
                0x0000000000160ad6                __pok_end = .
LOAD kernel/kernel.lo
LOAD sizes.o
OUTPUT(/home/ubuntu/pok/examples/test/pok.elf elf32-i386)

.data.rel.ro.local
                0x0000000000160ae0       0x60
 .data.rel.ro.local
                0x0000000000160ae0       0x60 kernel/kernel.lo

.data.rel.ro    0x0000000000160b40       0xa0
 .data.rel.ro   0x0000000000160b40       0xa0 kernel/kernel.lo

.got            0x0000000000160be0        0x8
 .got           0x0000000000160be0        0x8 kernel/kernel.lo

.got.plt        0x0000000000160be8        0xc
 .got.plt       0x0000000000160be8        0xc kernel/kernel.lo
                0x0000000000160be8                _GLOBAL_OFFSET_TABLE_

.igot.plt       0x0000000000160bf4        0x0
 .igot.plt      0x0000000000160bf4        0x0 kernel/kernel.lo

.comment        0x0000000000000000       0x2b
 .comment       0x0000000000000000       0x2b kernel/kernel.lo
                                        0x9a0 (size before relaxing)
 .comment       0x000000000000002b       0x2c sizes.o

.note.GNU-stack
                0x0000000000000000        0x0
 .note.GNU-stack
                0x0000000000000000        0x0 kernel/kernel.lo
 .note.GNU-stack
                0x0000000000000000        0x0 sizes.o

.debug_aranges  0x0000000000000000      0x668
 .debug_aranges
                0x0000000000000000      0x650 kernel/kernel.lo
 .debug_aranges
                0x0000000000000650       0x18 sizes.o

.debug_info     0x0000000000000000     0x9ebf
 .debug_info    0x0000000000000000     0x9e4b kernel/kernel.lo
 .debug_info    0x0000000000009e4b       0x74 sizes.o

.debug_abbrev   0x0000000000000000     0x2b24
 .debug_abbrev  0x0000000000000000     0x2ad9 kernel/kernel.lo
 .debug_abbrev  0x0000000000002ad9       0x4b sizes.o

.debug_line     0x0000000000000000     0x27dd
 .debug_line    0x0000000000000000     0x276c kernel/kernel.lo
 .debug_line    0x000000000000276c       0x71 sizes.o

.debug_str      0x0000000000000000     0x25b3
 .debug_str     0x0000000000000000     0x2542 kernel/kernel.lo
                                       0xbfeb (size before relaxing)
 .debug_str     0x0000000000002542       0x71 sizes.o
                                         0xe6 (size before relaxing)

.debug_loc      0x0000000000000000     0x2792
 .debug_loc     0x0000000000000000     0x2792 kernel/kernel.lo

.debug_ranges   0x0000000000000000      0x370
 .debug_ranges  0x0000000000000000      0x370 kernel/kernel.lo
