Archive member included to satisfy reference by file (symbol)

/home/ubuntu/pok/examples/test2/pr2/../../..//libpok/libpok.a(core.lo)
                              (__pok_partition_start)
/home/ubuntu/pok/examples/test2/pr2/../../..//libpok/libpok.a(libc.lo)
                              activity.o (printf)
/home/ubuntu/pok/examples/test2/pr2/../../..//libpok/libpok.a(arch.lo)
                              /home/ubuntu/pok/examples/test2/pr2/../../..//libpok/libpok.a(core.lo) (pok_do_syscall)

Allocating common symbols
Common symbol       size              file

pok_allocator_memspace
                    0x8000            /home/ubuntu/pok/examples/test2/pr2/../../..//libpok/libpok.a(core.lo)
errno               0x4               /home/ubuntu/pok/examples/test2/pr2/../../..//libpok/libpok.a(core.lo)
pok_allocator_spaces
                    0x4b0             /home/ubuntu/pok/examples/test2/pr2/../../..//libpok/libpok.a(core.lo)

Discarded input sections

 .group         0x0000000000000000        0x8 activity.o
 .group         0x0000000000000000        0x8 /home/ubuntu/pok/examples/test2/pr2/../../..//libpok/libpok.a(core.lo)
 .group         0x0000000000000000        0x8 /home/ubuntu/pok/examples/test2/pr2/../../..//libpok/libpok.a(core.lo)
 .text.__x86.get_pc_thunk.bx
                0x0000000000000000        0x4 /home/ubuntu/pok/examples/test2/pr2/../../..//libpok/libpok.a(core.lo)
 .group         0x0000000000000000        0x8 /home/ubuntu/pok/examples/test2/pr2/../../..//libpok/libpok.a(libc.lo)
 .group         0x0000000000000000        0x8 /home/ubuntu/pok/examples/test2/pr2/../../..//libpok/libpok.a(libc.lo)
 .group         0x0000000000000000        0x8 /home/ubuntu/pok/examples/test2/pr2/../../..//libpok/libpok.a(libc.lo)
 .group         0x0000000000000000        0x8 /home/ubuntu/pok/examples/test2/pr2/../../..//libpok/libpok.a(libc.lo)
 .text.__x86.get_pc_thunk.bx
                0x0000000000000000        0x4 /home/ubuntu/pok/examples/test2/pr2/../../..//libpok/libpok.a(libc.lo)
 .text.__x86.get_pc_thunk.di
                0x0000000000000000        0x4 /home/ubuntu/pok/examples/test2/pr2/../../..//libpok/libpok.a(libc.lo)

Memory Configuration

Name             Origin             Length             Attributes
*default*        0x0000000000000000 0xffffffffffffffff

Linker script and memory map

                0x0000000000000000                . = 0x0
                0x0000000000000000                __partition_begin = .

.text           0x0000000000000000     0x130a
 *(.text)
 .text          0x0000000000000000        0x2 main.o
                0x0000000000000000                main
 .text          0x0000000000000002       0x42 activity.o
                0x0000000000000002                pinger_job
 .text          0x0000000000000044      0x8ae /home/ubuntu/pok/examples/test2/pr2/../../..//libpok/libpok.a(core.lo)
                0x0000000000000044                pok_allocator_allocate
                0x0000000000000198                pok_allocator_delete_space
                0x00000000000001e0                pok_allocator_merge_space
                0x00000000000002cf                pok_allocator_free
                0x00000000000003d2                pok_time_gettick
                0x0000000000000431                pok_time_get
                0x0000000000000450                __pok_partition_start
                0x000000000000047d                pok_sem_create
                0x000000000000050d                pok_sem_signal
                0x0000000000000583                pok_sem_status
                0x0000000000000589                pok_sem_wait
                0x000000000000060f                pok_thread_create
                0x000000000000066e                pok_thread_attr_init
                0x00000000000006b8                pok_thread_period
                0x0000000000000717                pok_thread_sleep
                0x0000000000000776                pok_thread_status
                0x00000000000007d5                pok_thread_delayed_start
                0x0000000000000834                pok_thread_set_priority
                0x0000000000000893                pok_thread_resume
 .text          0x00000000000008f2      0xa04 /home/ubuntu/pok/examples/test2/pr2/../../..//libpok/libpok.a(libc.lo)
                0x0000000000000c53                vprintf
                0x0000000000000dbe                printf
                0x0000000000000de5                itoa
                0x0000000000000e8c                atoi
                0x0000000000000ecd                memcpy
                0x0000000000000ef5                memset
                0x0000000000000f17                memcmp
                0x0000000000000f64                strcmp
                0x0000000000000fa6                strncmp
                0x0000000000001004                strcpy
                0x0000000000001034                strncpy
                0x000000000000106c                streq
                0x0000000000001121                strlen
                0x0000000000001140                __udivdi3
                0x00000000000011fa                __umoddi3
                0x0000000000001232                rand
                0x000000000000126c                free
                0x0000000000001298                malloc
                0x00000000000012c4                calloc
 .text          0x00000000000012f6       0x14 /home/ubuntu/pok/examples/test2/pr2/../../..//libpok/libpok.a(arch.lo)
                0x00000000000012f6                pok_arch_idle
                0x00000000000012f9                pok_do_syscall

.iplt           0x0000000000001310        0x0
 .iplt          0x0000000000001310        0x0 main.o

.text.__x86.get_pc_thunk.bx
                0x000000000000130a        0x4
 .text.__x86.get_pc_thunk.bx
                0x000000000000130a        0x4 activity.o
                0x000000000000130a                __x86.get_pc_thunk.bx

.text.__x86.get_pc_thunk.di
                0x000000000000130e        0x4
 .text.__x86.get_pc_thunk.di
                0x000000000000130e        0x4 /home/ubuntu/pok/examples/test2/pr2/../../..//libpok/libpok.a(core.lo)
                0x000000000000130e                __x86.get_pc_thunk.di

.text.__x86.get_pc_thunk.ax
                0x0000000000001312        0x4
 .text.__x86.get_pc_thunk.ax
                0x0000000000001312        0x4 /home/ubuntu/pok/examples/test2/pr2/../../..//libpok/libpok.a(libc.lo)
                0x0000000000001312                __x86.get_pc_thunk.ax

.text.__x86.get_pc_thunk.bp
                0x0000000000001316        0x4
 .text.__x86.get_pc_thunk.bp
                0x0000000000001316        0x4 /home/ubuntu/pok/examples/test2/pr2/../../..//libpok/libpok.a(libc.lo)
                0x0000000000001316                __x86.get_pc_thunk.bp

.rodata         0x000000000000131c       0x11
 *(.rodata)
 .rodata        0x000000000000131c       0x11 /home/ubuntu/pok/examples/test2/pr2/../../..//libpok/libpok.a(libc.lo)

.eh_frame       0x0000000000001330      0x8b0
 .eh_frame      0x0000000000001330       0x2c main.o
 .eh_frame      0x000000000000135c       0x44 activity.o
                                         0x5c (size before relaxing)
 .eh_frame      0x00000000000013a0      0x338 /home/ubuntu/pok/examples/test2/pr2/../../..//libpok/libpok.a(core.lo)
                                        0x4b4 (size before relaxing)
 .eh_frame      0x00000000000016d8      0x4d8 /home/ubuntu/pok/examples/test2/pr2/../../..//libpok/libpok.a(libc.lo)
                                        0x680 (size before relaxing)
 .eh_frame      0x0000000000001bb0       0x30 /home/ubuntu/pok/examples/test2/pr2/../../..//libpok/libpok.a(arch.lo)
                                         0x60 (size before relaxing)

.rodata.str1.1  0x0000000000001be0       0x15
 .rodata.str1.1
                0x0000000000001be0       0x15 activity.o

.rel.dyn        0x0000000000001bf8        0x0
 .rel.got       0x0000000000001bf8        0x0 main.o
 .rel.iplt      0x0000000000001bf8        0x0 main.o
 .rel.text      0x0000000000001bf8        0x0 main.o

.data           0x0000000000001c00     0x8590
 *(.data)
 .data          0x0000000000001c00        0x0 main.o
 .data          0x0000000000001c00        0x0 activity.o
 .data          0x0000000000001c00        0x0 /home/ubuntu/pok/examples/test2/pr2/../../..//libpok/libpok.a(core.lo)
 .data          0x0000000000001c00        0x4 /home/ubuntu/pok/examples/test2/pr2/../../..//libpok/libpok.a(libc.lo)
 .data          0x0000000000001c04        0x0 /home/ubuntu/pok/examples/test2/pr2/../../..//libpok/libpok.a(arch.lo)
 *(.bss)
 .bss           0x0000000000001c04        0x0 main.o
 .bss           0x0000000000001c04        0x0 activity.o
 .bss           0x0000000000001c04        0x8 /home/ubuntu/pok/examples/test2/pr2/../../..//libpok/libpok.a(core.lo)
                0x0000000000001c04                pok_allocator_initialized
                0x0000000000001c08                pok_allocator_used_spaces
 *fill*         0x0000000000001c0c       0x14 
 .bss           0x0000000000001c20       0x84 /home/ubuntu/pok/examples/test2/pr2/../../..//libpok/libpok.a(libc.lo)
 .bss           0x0000000000001ca4        0x0 /home/ubuntu/pok/examples/test2/pr2/../../..//libpok/libpok.a(arch.lo)
 *(COMMON)
 *fill*         0x0000000000001ca4       0x1c 
 COMMON         0x0000000000001cc0     0x84d0 /home/ubuntu/pok/examples/test2/pr2/../../..//libpok/libpok.a(core.lo)
                0x0000000000001cc0                pok_allocator_memspace
                0x0000000000009cc0                errno
                0x0000000000009ce0                pok_allocator_spaces
                0x000000000000a190                __partition_end = .
LOAD main.o
LOAD activity.o
LOAD /home/ubuntu/pok/examples/test2/pr2/../../..//libpok/libpok.a
LOAD /home/ubuntu/pok/examples/test2/pr2/../../..//libpok//libpok.a
OUTPUT(pr2.elf elf32-i386)

.got            0x000000000000a190        0x0
 .got           0x000000000000a190        0x0 main.o

.got.plt        0x000000000000a190        0xc
 .got.plt       0x000000000000a190        0xc main.o
                0x000000000000a190                _GLOBAL_OFFSET_TABLE_

.igot.plt       0x000000000000a19c        0x0
 .igot.plt      0x000000000000a19c        0x0 main.o

.data.rel.ro.local
                0x000000000000a1a0       0x6c
 .data.rel.ro.local
                0x000000000000a1a0       0x6c /home/ubuntu/pok/examples/test2/pr2/../../..//libpok/libpok.a(libc.lo)

.debug_info     0x0000000000000000     0x45ac
 .debug_info    0x0000000000000000       0x89 main.o
 .debug_info    0x0000000000000089       0xbf activity.o
 .debug_info    0x0000000000000148     0x2b62 /home/ubuntu/pok/examples/test2/pr2/../../..//libpok/libpok.a(core.lo)
 .debug_info    0x0000000000002caa     0x15d3 /home/ubuntu/pok/examples/test2/pr2/../../..//libpok/libpok.a(libc.lo)
 .debug_info    0x000000000000427d      0x32f /home/ubuntu/pok/examples/test2/pr2/../../..//libpok/libpok.a(arch.lo)

.debug_abbrev   0x0000000000000000     0x1a09
 .debug_abbrev  0x0000000000000000       0x60 main.o
 .debug_abbrev  0x0000000000000060       0x85 activity.o
 .debug_abbrev  0x00000000000000e5      0xce9 /home/ubuntu/pok/examples/test2/pr2/../../..//libpok/libpok.a(core.lo)
 .debug_abbrev  0x0000000000000dce      0xb20 /home/ubuntu/pok/examples/test2/pr2/../../..//libpok/libpok.a(libc.lo)
 .debug_abbrev  0x00000000000018ee      0x11b /home/ubuntu/pok/examples/test2/pr2/../../..//libpok/libpok.a(arch.lo)

.debug_aranges  0x0000000000000000      0x490
 .debug_aranges
                0x0000000000000000       0x20 main.o
 .debug_aranges
                0x0000000000000020       0x20 activity.o
 .debug_aranges
                0x0000000000000040      0x1f8 /home/ubuntu/pok/examples/test2/pr2/../../..//libpok/libpok.a(core.lo)
 .debug_aranges
                0x0000000000000238      0x218 /home/ubuntu/pok/examples/test2/pr2/../../..//libpok/libpok.a(libc.lo)
 .debug_aranges
                0x0000000000000450       0x40 /home/ubuntu/pok/examples/test2/pr2/../../..//libpok/libpok.a(arch.lo)

.debug_line     0x0000000000000000     0x190c
 .debug_line    0x0000000000000000       0xd2 main.o
 .debug_line    0x00000000000000d2      0x17c activity.o
 .debug_line    0x000000000000024e      0xbc1 /home/ubuntu/pok/examples/test2/pr2/../../..//libpok/libpok.a(core.lo)
 .debug_line    0x0000000000000e0f      0xa09 /home/ubuntu/pok/examples/test2/pr2/../../..//libpok/libpok.a(libc.lo)
 .debug_line    0x0000000000001818       0xf4 /home/ubuntu/pok/examples/test2/pr2/../../..//libpok/libpok.a(arch.lo)

.debug_str      0x0000000000000000     0x126e
 .debug_str     0x0000000000000000      0x100 main.o
                                        0x128 (size before relaxing)
 .debug_str     0x0000000000000100       0x27 activity.o
                                        0x14f (size before relaxing)
 .debug_str     0x0000000000000127      0xdc3 /home/ubuntu/pok/examples/test2/pr2/../../..//libpok/libpok.a(core.lo)
                                       0x7503 (size before relaxing)
 .debug_str     0x0000000000000eea      0x30e /home/ubuntu/pok/examples/test2/pr2/../../..//libpok/libpok.a(libc.lo)
                                       0x1803 (size before relaxing)
 .debug_str     0x00000000000011f8       0x76 /home/ubuntu/pok/examples/test2/pr2/../../..//libpok/libpok.a(arch.lo)
                                        0x8b9 (size before relaxing)

.comment        0x0000000000000000       0x2b
 .comment       0x0000000000000000       0x2b main.o
                                         0x2c (size before relaxing)
 .comment       0x000000000000002b       0x2c activity.o
 .comment       0x000000000000002b      0x630 /home/ubuntu/pok/examples/test2/pr2/../../..//libpok/libpok.a(core.lo)
 .comment       0x000000000000002b      0x2ec /home/ubuntu/pok/examples/test2/pr2/../../..//libpok/libpok.a(libc.lo)
 .comment       0x000000000000002b       0xb0 /home/ubuntu/pok/examples/test2/pr2/../../..//libpok/libpok.a(arch.lo)

.note.GNU-stack
                0x0000000000000000        0x0
 .note.GNU-stack
                0x0000000000000000        0x0 main.o
 .note.GNU-stack
                0x0000000000000000        0x0 activity.o
 .note.GNU-stack
                0x0000000000000000        0x0 /home/ubuntu/pok/examples/test2/pr2/../../..//libpok/libpok.a(core.lo)
 .note.GNU-stack
                0x0000000000000000        0x0 /home/ubuntu/pok/examples/test2/pr2/../../..//libpok/libpok.a(libc.lo)
 .note.GNU-stack
                0x0000000000000000        0x0 /home/ubuntu/pok/examples/test2/pr2/../../..//libpok/libpok.a(arch.lo)

.debug_loc      0x0000000000000000     0x140a
 .debug_loc     0x0000000000000000      0x2ea /home/ubuntu/pok/examples/test2/pr2/../../..//libpok/libpok.a(core.lo)
 .debug_loc     0x00000000000002ea     0x1120 /home/ubuntu/pok/examples/test2/pr2/../../..//libpok/libpok.a(libc.lo)

.debug_ranges   0x0000000000000000       0x68
 .debug_ranges  0x0000000000000000       0x68 /home/ubuntu/pok/examples/test2/pr2/../../..//libpok/libpok.a(libc.lo)
