
Allocating common symbols
Common symbol       size              file

pok_idt             0x800             kernel/kernel.lo
pok_x86_pm_heap_end
                    0x4               kernel/kernel.lo
pok_multiboot_magic
                    0x4               kernel/kernel.lo
pok_x86_pm_heap_start
                    0x4               kernel/kernel.lo
pok_sched_next_major_frame
                    0x8               kernel/kernel.lo
pok_multiboot_info  0x4               kernel/kernel.lo
pit_freq            0x4               kernel/kernel.lo
pok_threads         0x24c             kernel/kernel.lo
pok_stack           0x4000            kernel/kernel.lo
pok_x86_pm_brk      0x4               kernel/kernel.lo
pok_sched_next_deadline
                    0x8               kernel/kernel.lo
pok_global_sched    0x4               kernel/kernel.lo
pok_partitions      0xb8              kernel/kernel.lo
pok_gdt             0x800             kernel/kernel.lo
pok_sched_next_flush
                    0x8               kernel/kernel.lo
g_cons              0x3               kernel/kernel.lo
pok_tss             0x68              kernel/kernel.lo
pok_partitions_lockobjs
                    0x80              kernel/kernel.lo
pok_current_partition
                    0x2               kernel/kernel.lo

Discarded input sections

 .group         0x0000000000000000        0x8 kernel/kernel.lo
 .group         0x0000000000000000        0x8 kernel/kernel.lo
 .group         0x0000000000000000        0x8 kernel/kernel.lo
 .group         0x0000000000000000        0x8 kernel/kernel.lo
 .group         0x0000000000000000        0x8 kernel/kernel.lo
 .group         0x0000000000000000        0x8 kernel/kernel.lo
 .group         0x0000000000000000        0x8 kernel/kernel.lo

Memory Configuration

Name             Origin             Length             Attributes
*default*        0x0000000000000000 0xffffffffffffffff

Linker script and memory map

                0x0000000000100000                . = 0x100000
                0x0000000000100000                __pok_begin = .

.text           0x0000000000100000     0x4a55
 *(.multiboot)
 .multiboot     0x0000000000100000       0x14 kernel/kernel.lo
 *(.text)
 .text          0x0000000000100014     0x4a41 kernel/kernel.lo
                0x0000000000100014                pok_partition_setup_scheduler
                0x0000000000100037                pok_partition_setup_main_thread
                0x00000000001000bf                pok_partition_init
                0x000000000010026f                pok_partition_set_mode
                0x0000000000100466                pok_partition_set_mode_current
                0x00000000001004be                pok_current_partition_get_id
                0x00000000001004de                pok_current_partition_get_period
                0x0000000000100511                pok_current_partition_get_duration
                0x0000000000100542                pok_current_partition_get_operating_mode
                0x000000000010056e                pok_current_partition_get_lock_level
                0x000000000010059a                pok_current_partition_get_start_condition
                0x00000000001005c6                debug_strlen
                0x00000000001005e5                pok_debug_print_current_state
                0x00000000001008b5                pok_fatal
                0x0000000000100908                pok_lockobj_init
                0x000000000010092f                pok_lockobj_create
                0x00000000001009cc                pok_lockobj_partition_create
                0x0000000000100ad2                pok_lockobj_eventsignal
                0x0000000000100b47                pok_lockobj_eventbroadcast
                0x0000000000100bb6                pok_lockobj_lock
                0x0000000000100d2d                pok_lockobj_unlock
                0x0000000000100e32                pok_lockobj_eventwait
                0x0000000000100f4c                pok_lockobj_partition_wrapper
                0x0000000000101085                pok_thread_init
                0x0000000000101241                pok_partition_thread_create
                0x0000000000101436                pok_thread_start
                0x0000000000101450                pok_thread_sleep
                0x000000000010149a                pok_thread_suspend
                0x00000000001014cc                pok_thread_delayed_start
                0x000000000010166c                pok_thread_get_status
                0x00000000001016f2                pok_thread_set_priority
                0x0000000000101756                pok_thread_resume
                0x00000000001017cb                pok_thread_suspend_target
                0x0000000000101826                pok_sched_init
                0x00000000001018e7                pok_sched_get_priority_min
                0x00000000001018ed                pok_sched_get_priority_max
                0x00000000001018f3                pok_elect_partition
                0x0000000000101961                pok_elect_thread
                0x0000000000101b86                pok_sched_context_switch
                0x0000000000101bfc                pok_sched
                0x0000000000101c78                pok_sched_part_pri_p
                0x0000000000101d0e                pok_sched_part_pri_nop
                0x0000000000101de7                pok_sched_part_edf_p
                0x0000000000101e94                pok_sched_part_edf_nop
                0x0000000000101f87                pok_sched_part_fifo
                0x0000000000101fee                pok_sched_part_rr
                0x0000000000102071                pok_sched_unlock_thread
                0x000000000010208f                pok_sched_lock_current_thread
                0x00000000001020af                pok_sched_lock_current_thread_timed
                0x00000000001020dd                pok_sched_stop_self
                0x0000000000102117                pok_sched_stop_thread
                0x0000000000102135                pok_sched_end_period
                0x0000000000102182                pok_sched_get_current
                0x00000000001021ac                pok_time_init
                0x00000000001021e8                pok_gettick_by_pointer
                0x000000000010220f                pok_core_syscall
                0x0000000000102959                pok_loader_load_partition
                0x0000000000102a98                pok_boot
                0x0000000000102aef                pok_print_char
                0x0000000000102b2a                pok_print_attr
                0x0000000000102b65                pok_write
                0x0000000000102ba6                pok_print_init
                0x0000000000102bca                memcpy
                0x0000000000102bf1                memset
                0x0000000000102c13                __udivdi3
                0x0000000000102ccd                __umoddi3
                0x0000000000102f23                vprintf
                0x0000000000103090                printf
                0x00000000001030b7                strlen
                0x00000000001030d6                strcmp
                0x0000000000103118                strncmp
                0x0000000000103176                pok_cons_attr
                0x000000000010318e                is_transmitter_holding_register
                0x000000000010319b                write_serial
                0x00000000001031b2                pok_cons_print_char
                0x000000000010331d                is_received_data_ready
                0x0000000000103327                read_serial
                0x000000000010333f                pok_cons_get_char
                0x000000000010335e                pok_cons_clear
                0x00000000001033e4                pok_cons_write
                0x0000000000103503                pok_cons_disable_cursor
                0x0000000000103537                pok_cons_init
                0x00000000001035e0                core_entry
                0x00000000001035e0                _core_entry
                0x00000000001035fd                pok_bsp_init
                0x0000000000103634                pok_bsp_irq_acknowledge
                0x0000000000103667                pok_bsp_irq_register
                0x00000000001036b1                pok_bsp_mem_alloc
                0x00000000001036dd                pok_bsp_time_init
                0x0000000000103705                pok_pm_init
                0x000000000010374e                pok_pm_sbrk
                0x0000000000103769                pok_pic_init
                0x00000000001037c6                pok_pic_mask
                0x0000000000103813                pok_pic_unmask
                0x0000000000103860                pok_pic_eoi
                0x000000000010387c                pit_interrupt
                0x00000000001038a1                pit_interrupt_handler
                0x000000000010391e                pok_x86_qemu_timer_init
                0x0000000000103997                pok_arch_init
                0x00000000001039c9                pok_arch_preempt_disable
                0x00000000001039d0                pok_arch_preempt_enable
                0x00000000001039d7                pok_arch_idle
                0x00000000001039da                pok_arch_event_register
                0x0000000000103a17                pok_thread_stack_addr
                0x0000000000103a40                tss_set_esp0
                0x0000000000103a58                gdt_set_segment
                0x0000000000103b4b                gdt_set_system
                0x0000000000103bd8                pok_tss_init
                0x0000000000103c38                pok_gdt_init
                0x0000000000103cc8                gdt_enable
                0x0000000000103ce3                gdt_disable
                0x0000000000103cfe                pok_idt_init
                0x0000000000103d4b                pok_event_init
                0x0000000000103d82                pok_idt_set_gate
                0x0000000000103df3                pok_context_switch
                0x0000000000103e08                pok_context_create
                0x0000000000103e75                pok_context_reset
                0x0000000000103edc                pok_dispatch_space
                0x0000000000103f93                pok_create_space
                0x0000000000103ff5                pok_space_switch
                0x0000000000104061                pok_space_base_vaddr
                0x0000000000104067                pok_space_context_create
                0x0000000000104118                syscall_gate
                0x0000000000104141                syscall_gate_handler
                0x00000000001041e1                pok_syscall_init
                0x000000000010421c                update_tss
                0x0000000000104240                exception_divide_error
                0x0000000000104265                exception_debug
                0x000000000010428a                exception_nmi
                0x00000000001042af                exception_breakpoint
                0x00000000001042d4                exception_overflow
                0x00000000001042f9                exception_boundrange
                0x000000000010431e                exception_invalidopcode
                0x0000000000104343                exception_nomath_coproc
                0x0000000000104368                exception_doublefault
                0x000000000010438a                exception_copseg_overrun
                0x00000000001043af                exception_invalid_tss
                0x00000000001043d1                exception_segment_not_present
                0x00000000001043f3                exception_stackseg_fault
                0x0000000000104415                exception_general_protection
                0x0000000000104437                exception_pagefault
                0x0000000000104459                exception_fpu_fault
                0x000000000010447e                exception_alignement_check
                0x00000000001044a0                exception_machine_check
                0x00000000001044c5                exception_simd_fault
                0x00000000001045b2                pok_exception_init
                0x0000000000104603                exception_divide_error_handler
                0x0000000000104632                exception_debug_handler
                0x000000000010466d                exception_nmi_handler
                0x00000000001046a8                exception_breakpoint_handler
                0x00000000001046e3                exception_overflow_handler
                0x000000000010471e                exception_boundrange_handler
                0x0000000000104759                exception_invalidopcode_handler
                0x0000000000104794                exception_nomath_coproc_handler
                0x00000000001047cf                exception_doublefault_handler
                0x000000000010480a                exception_copseg_overrun_handler
                0x0000000000104845                exception_invalid_tss_handler
                0x0000000000104880                exception_segment_not_present_handler
                0x00000000001048bb                exception_stackseg_fault_handler
                0x00000000001048f6                exception_general_protection_handler
                0x0000000000104931                exception_pagefault_handler
                0x000000000010496c                exception_fpu_fault_handler
                0x00000000001049a7                exception_alignement_check_handler
                0x00000000001049e2                exception_machine_check_handler
                0x0000000000104a1a                exception_simd_fault_handler
 .text          0x0000000000104a55        0x0 sizes.o

.text.__x86.get_pc_thunk.ax
                0x0000000000104a55        0x4
 .text.__x86.get_pc_thunk.ax
                0x0000000000104a55        0x4 kernel/kernel.lo
                0x0000000000104a55                __x86.get_pc_thunk.ax

.text.__x86.get_pc_thunk.dx
                0x0000000000104a59        0x4
 .text.__x86.get_pc_thunk.dx
                0x0000000000104a59        0x4 kernel/kernel.lo
                0x0000000000104a59                __x86.get_pc_thunk.dx

.text.__x86.get_pc_thunk.bx
                0x0000000000104a5d        0x4
 .text.__x86.get_pc_thunk.bx
                0x0000000000104a5d        0x4 kernel/kernel.lo
                0x0000000000104a5d                __x86.get_pc_thunk.bx

.text.__x86.get_pc_thunk.bp
                0x0000000000104a61        0x4
 .text.__x86.get_pc_thunk.bp
                0x0000000000104a61        0x4 kernel/kernel.lo
                0x0000000000104a61                __x86.get_pc_thunk.bp

.text.__x86.get_pc_thunk.cx
                0x0000000000104a65        0x4
 .text.__x86.get_pc_thunk.cx
                0x0000000000104a65        0x4 kernel/kernel.lo
                0x0000000000104a65                __x86.get_pc_thunk.cx

.text.__x86.get_pc_thunk.si
                0x0000000000104a69        0x4
 .text.__x86.get_pc_thunk.si
                0x0000000000104a69        0x4 kernel/kernel.lo
                0x0000000000104a69                __x86.get_pc_thunk.si

.text.__x86.get_pc_thunk.di
                0x0000000000104a6d        0x4
 .text.__x86.get_pc_thunk.di
                0x0000000000104a6d        0x4 kernel/kernel.lo
                0x0000000000104a6d                __x86.get_pc_thunk.di

.iplt           0x0000000000104a78        0x0
 .iplt          0x0000000000104a78        0x0 kernel/kernel.lo

.rodata         0x0000000000104a74       0x29
 *(.rodata)
 .rodata        0x0000000000104a74       0x29 kernel/kernel.lo

.rodata.str1.1  0x0000000000104a9d      0x489
 .rodata.str1.1
                0x0000000000104a9d      0x489 kernel/kernel.lo
                                        0x48b (size before relaxing)

.rodata.str1.4  0x0000000000104f28       0xd4
 .rodata.str1.4
                0x0000000000104f28       0xd4 kernel/kernel.lo
                                         0xd3 (size before relaxing)

.eh_frame       0x0000000000104ffc     0x1c4c
 .eh_frame      0x0000000000104ffc     0x1c4c kernel/kernel.lo
                                       0x1f04 (size before relaxing)

.rel.dyn        0x0000000000106c48        0x0
 .rel.got       0x0000000000106c48        0x0 kernel/kernel.lo
 .rel.iplt      0x0000000000106c48        0x0 kernel/kernel.lo
 .rel.text      0x0000000000106c48        0x0 kernel/kernel.lo

.data           0x0000000000106c60    0x3688e
 *(.data)
 .data          0x0000000000106c60       0x40 kernel/kernel.lo
                0x0000000000106c60                current_thread
                0x0000000000106c64                pok_sched_slots_allocation
                0x0000000000106c80                pok_sched_slots
 .data          0x0000000000106ca0        0x8 sizes.o
                0x0000000000106ca0                part_sizes
 *(.bss)
 *fill*         0x0000000000106ca8       0x18 
 .bss           0x0000000000106cc0     0x2048 kernel/kernel.lo
                0x0000000000106cc0                pok_partitions_index
                0x0000000000106cc2                pok_sched_current_slot
                0x0000000000106cc8                pok_tick_counter
                0x0000000000106cd0                pok_print_attr_fn
                0x0000000000106cd4                pok_print_char_fn
 .bss           0x0000000000108d08        0x0 sizes.o
 *(COMMON)
 *fill*         0x0000000000108d08       0x18 
 COMMON         0x0000000000108d20     0x5482 kernel/kernel.lo
                0x0000000000108d20                pok_idt
                0x0000000000109520                pok_x86_pm_heap_end
                0x0000000000109524                pok_multiboot_magic
                0x0000000000109528                pok_x86_pm_heap_start
                0x0000000000109530                pok_sched_next_major_frame
                0x0000000000109538                pok_multiboot_info
                0x000000000010953c                pit_freq
                0x0000000000109540                pok_threads
                0x0000000000109790                pok_stack
                0x000000000010d790                pok_x86_pm_brk
                0x000000000010d798                pok_sched_next_deadline
                0x000000000010d7a0                pok_global_sched
                0x000000000010d7c0                pok_partitions
                0x000000000010d880                pok_gdt
                0x000000000010e080                pok_sched_next_flush
                0x000000000010e088                g_cons
                0x000000000010e0a0                pok_tss
                0x000000000010e120                pok_partitions_lockobjs
                0x000000000010e1a0                pok_current_partition
                0x000000000010e1a2                __archive_begin = .
 *(.archive)
                0x000000000010e1a2                __archive_end = .
                0x000000000010e1a2                __archive2_begin = .
 *(.archive2)
 .archive2      0x000000000010e1a2    0x2f34c sizes.o
                0x000000000013d4ee                __archive2_end = .
                0x000000000013d4ee                __pok_end = .
LOAD kernel/kernel.lo
LOAD sizes.o
OUTPUT(/home/ubuntu/pok/examples/semaphores/pok.elf elf32-i386)

.data.rel.ro.local
                0x000000000013d500       0x60
 .data.rel.ro.local
                0x000000000013d500       0x60 kernel/kernel.lo

.data.rel.ro    0x000000000013d560       0xa0
 .data.rel.ro   0x000000000013d560       0xa0 kernel/kernel.lo

.got            0x000000000013d600        0x8
 .got           0x000000000013d600        0x8 kernel/kernel.lo

.got.plt        0x000000000013d608        0xc
 .got.plt       0x000000000013d608        0xc kernel/kernel.lo
                0x000000000013d608                _GLOBAL_OFFSET_TABLE_

.igot.plt       0x000000000013d614        0x0
 .igot.plt      0x000000000013d614        0x0 kernel/kernel.lo

.comment        0x0000000000000000       0x2b
 .comment       0x0000000000000000       0x2b kernel/kernel.lo
                                        0x9a0 (size before relaxing)
 .comment       0x000000000000002b       0x2c sizes.o

.note.GNU-stack
                0x0000000000000000        0x0
 .note.GNU-stack
                0x0000000000000000        0x0 kernel/kernel.lo
 .note.GNU-stack
                0x0000000000000000        0x0 sizes.o

.debug_aranges  0x0000000000000000      0x668
 .debug_aranges
                0x0000000000000000      0x650 kernel/kernel.lo
 .debug_aranges
                0x0000000000000650       0x18 sizes.o

.debug_info     0x0000000000000000     0x9eb7
 .debug_info    0x0000000000000000     0x9e43 kernel/kernel.lo
 .debug_info    0x0000000000009e43       0x74 sizes.o

.debug_abbrev   0x0000000000000000     0x2b24
 .debug_abbrev  0x0000000000000000     0x2ad9 kernel/kernel.lo
 .debug_abbrev  0x0000000000002ad9       0x4b sizes.o

.debug_line     0x0000000000000000     0x27be
 .debug_line    0x0000000000000000     0x2747 kernel/kernel.lo
 .debug_line    0x0000000000002747       0x77 sizes.o

.debug_str      0x0000000000000000     0x25b9
 .debug_str     0x0000000000000000     0x2542 kernel/kernel.lo
                                       0xbfeb (size before relaxing)
 .debug_str     0x0000000000002542       0x77 sizes.o
                                         0xec (size before relaxing)

.debug_loc      0x0000000000000000     0x25eb
 .debug_loc     0x0000000000000000     0x25eb kernel/kernel.lo

.debug_ranges   0x0000000000000000      0x378
 .debug_ranges  0x0000000000000000      0x378 kernel/kernel.lo
