Archive member included to satisfy reference by file (symbol)

/home/ubuntu/pok/examples/semaphores/pr1/../../..//libpok/libpok.a(arch.lo)
                              main.o (pok_do_syscall)
/home/ubuntu/pok/examples/semaphores/pr1/../../..//libpok/libpok.a(core.lo)
                              main.o (pok_time_get)
/home/ubuntu/pok/examples/semaphores/pr1/../../..//libpok/libpok.a(libc.lo)
                              main.o (printf)

Allocating common symbols
Common symbol       size              file

pok_allocator_memspace
                    0x8000            /home/ubuntu/pok/examples/semaphores/pr1/../../..//libpok/libpok.a(core.lo)
errno               0x4               /home/ubuntu/pok/examples/semaphores/pr1/../../..//libpok/libpok.a(core.lo)
val                 0x2               activity.o
pok_allocator_spaces
                    0x4b0             /home/ubuntu/pok/examples/semaphores/pr1/../../..//libpok/libpok.a(core.lo)
sid                 0x2               main.o

Discarded input sections

 .group         0x0000000000000000        0x8 main.o
 .group         0x0000000000000000        0x8 activity.o
 .text.__x86.get_pc_thunk.bx
                0x0000000000000000        0x4 activity.o
 .group         0x0000000000000000        0x8 /home/ubuntu/pok/examples/semaphores/pr1/../../..//libpok/libpok.a(core.lo)
 .group         0x0000000000000000        0x8 /home/ubuntu/pok/examples/semaphores/pr1/../../..//libpok/libpok.a(core.lo)
 .text.__x86.get_pc_thunk.bx
                0x0000000000000000        0x4 /home/ubuntu/pok/examples/semaphores/pr1/../../..//libpok/libpok.a(core.lo)
 .group         0x0000000000000000        0x8 /home/ubuntu/pok/examples/semaphores/pr1/../../..//libpok/libpok.a(libc.lo)
 .group         0x0000000000000000        0x8 /home/ubuntu/pok/examples/semaphores/pr1/../../..//libpok/libpok.a(libc.lo)
 .group         0x0000000000000000        0x8 /home/ubuntu/pok/examples/semaphores/pr1/../../..//libpok/libpok.a(libc.lo)
 .group         0x0000000000000000        0x8 /home/ubuntu/pok/examples/semaphores/pr1/../../..//libpok/libpok.a(libc.lo)
 .text.__x86.get_pc_thunk.bx
                0x0000000000000000        0x4 /home/ubuntu/pok/examples/semaphores/pr1/../../..//libpok/libpok.a(libc.lo)
 .text.__x86.get_pc_thunk.di
                0x0000000000000000        0x4 /home/ubuntu/pok/examples/semaphores/pr1/../../..//libpok/libpok.a(libc.lo)

Memory Configuration

Name             Origin             Length             Attributes
*default*        0x0000000000000000 0xffffffffffffffff

Linker script and memory map

                0x0000000000000000                . = 0x0
                0x0000000000000000                __partition_begin = .

.text           0x0000000000000000     0x1760
 *(.text)
 .text          0x0000000000000000      0x14d main.o
                0x0000000000000000                main
 .text          0x000000000000014d      0x1f0 activity.o
                0x000000000000014d                printu64
                0x00000000000001ab                cpu_work
                0x0000000000000286                pinger_job
                0x00000000000002c4                pinger_job2
                0x00000000000002ff                pinger_job3
 .text          0x000000000000033d       0x14 /home/ubuntu/pok/examples/semaphores/pr1/../../..//libpok/libpok.a(arch.lo)
                0x000000000000033d                pok_arch_idle
                0x0000000000000340                pok_do_syscall
 .text          0x0000000000000351      0xa0b /home/ubuntu/pok/examples/semaphores/pr1/../../..//libpok/libpok.a(core.lo)
                0x0000000000000351                pok_allocator_print_spaces
                0x00000000000003cc                pok_allocator_allocate
                0x00000000000005ba                pok_allocator_delete_space
                0x0000000000000629                pok_allocator_merge_space
                0x000000000000071d                pok_allocator_free
                0x000000000000083c                pok_time_gettick
                0x000000000000089b                pok_time_get
                0x00000000000008ba                __pok_partition_start
                0x00000000000008e7                pok_sem_create
                0x0000000000000977                pok_sem_signal
                0x00000000000009ed                pok_sem_status
                0x00000000000009f3                pok_sem_wait
                0x0000000000000a79                pok_thread_create
                0x0000000000000ad8                pok_thread_attr_init
                0x0000000000000b22                pok_thread_period
                0x0000000000000b81                pok_thread_sleep
                0x0000000000000be0                pok_thread_status
                0x0000000000000c3f                pok_thread_delayed_start
                0x0000000000000c9e                pok_thread_set_priority
                0x0000000000000cfd                pok_thread_resume
 .text          0x0000000000000d5c      0xa04 /home/ubuntu/pok/examples/semaphores/pr1/../../..//libpok/libpok.a(libc.lo)
                0x00000000000010bd                vprintf
                0x0000000000001228                printf
                0x000000000000124f                itoa
                0x00000000000012f6                atoi
                0x0000000000001337                memcpy
                0x000000000000135f                memset
                0x0000000000001381                memcmp
                0x00000000000013ce                strcmp
                0x0000000000001410                strncmp
                0x000000000000146e                strcpy
                0x000000000000149e                strncpy
                0x00000000000014d6                streq
                0x000000000000158b                strlen
                0x00000000000015aa                __udivdi3
                0x0000000000001664                __umoddi3
                0x000000000000169c                rand
                0x00000000000016d6                free
                0x0000000000001702                malloc
                0x000000000000172e                calloc

.text.__x86.get_pc_thunk.bx
                0x0000000000001760        0x4
 .text.__x86.get_pc_thunk.bx
                0x0000000000001760        0x4 main.o
                0x0000000000001760                __x86.get_pc_thunk.bx

.iplt           0x0000000000001768        0x0
 .iplt          0x0000000000001768        0x0 main.o

.text.__x86.get_pc_thunk.di
                0x0000000000001764        0x4
 .text.__x86.get_pc_thunk.di
                0x0000000000001764        0x4 /home/ubuntu/pok/examples/semaphores/pr1/../../..//libpok/libpok.a(core.lo)
                0x0000000000001764                __x86.get_pc_thunk.di

.text.__x86.get_pc_thunk.ax
                0x0000000000001768        0x4
 .text.__x86.get_pc_thunk.ax
                0x0000000000001768        0x4 /home/ubuntu/pok/examples/semaphores/pr1/../../..//libpok/libpok.a(libc.lo)
                0x0000000000001768                __x86.get_pc_thunk.ax

.text.__x86.get_pc_thunk.bp
                0x000000000000176c        0x4
 .text.__x86.get_pc_thunk.bp
                0x000000000000176c        0x4 /home/ubuntu/pok/examples/semaphores/pr1/../../..//libpok/libpok.a(libc.lo)
                0x000000000000176c                __x86.get_pc_thunk.bp

.rodata         0x0000000000001770       0x11
 *(.rodata)
 .rodata        0x0000000000001770       0x11 /home/ubuntu/pok/examples/semaphores/pr1/../../..//libpok/libpok.a(libc.lo)

.rodata.str1.1  0x0000000000001781       0x9b
 .rodata.str1.1
                0x0000000000001781       0x52 main.o
 .rodata.str1.1
                0x00000000000017d3       0x49 activity.o

.eh_frame       0x000000000000181c      0xab4
 .eh_frame      0x000000000000181c       0x70 main.o
 .eh_frame      0x000000000000188c      0x140 activity.o
                                        0x16c (size before relaxing)
 .eh_frame      0x00000000000019cc       0x30 /home/ubuntu/pok/examples/semaphores/pr1/../../..//libpok/libpok.a(arch.lo)
                                         0x60 (size before relaxing)
 .eh_frame      0x00000000000019fc      0x3fc /home/ubuntu/pok/examples/semaphores/pr1/../../..//libpok/libpok.a(core.lo)
                                        0x578 (size before relaxing)
 .eh_frame      0x0000000000001df8      0x4d8 /home/ubuntu/pok/examples/semaphores/pr1/../../..//libpok/libpok.a(libc.lo)
                                        0x680 (size before relaxing)

.rodata.str1.4  0x00000000000022d0      0x258
 .rodata.str1.4
                0x00000000000022d0       0x2a activity.o
 *fill*         0x00000000000022fa        0x2 
 .rodata.str1.4
                0x00000000000022fc      0x22c /home/ubuntu/pok/examples/semaphores/pr1/../../..//libpok/libpok.a(core.lo)
                                        0x22b (size before relaxing)

.rel.dyn        0x0000000000002528        0x0
 .rel.got       0x0000000000002528        0x0 main.o
 .rel.iplt      0x0000000000002528        0x0 main.o
 .rel.text      0x0000000000002528        0x0 main.o

.data           0x0000000000002540     0x8590
 *(.data)
 .data          0x0000000000002540        0x0 main.o
 .data          0x0000000000002540        0x0 activity.o
 .data          0x0000000000002540        0x0 /home/ubuntu/pok/examples/semaphores/pr1/../../..//libpok/libpok.a(arch.lo)
 .data          0x0000000000002540        0x0 /home/ubuntu/pok/examples/semaphores/pr1/../../..//libpok/libpok.a(core.lo)
 .data          0x0000000000002540        0x4 /home/ubuntu/pok/examples/semaphores/pr1/../../..//libpok/libpok.a(libc.lo)
 *(.bss)
 .bss           0x0000000000002544        0x0 main.o
 .bss           0x0000000000002544        0x0 activity.o
 .bss           0x0000000000002544        0x0 /home/ubuntu/pok/examples/semaphores/pr1/../../..//libpok/libpok.a(arch.lo)
 .bss           0x0000000000002544        0x8 /home/ubuntu/pok/examples/semaphores/pr1/../../..//libpok/libpok.a(core.lo)
                0x0000000000002544                pok_allocator_initialized
                0x0000000000002548                pok_allocator_used_spaces
 *fill*         0x000000000000254c       0x14 
 .bss           0x0000000000002560       0x84 /home/ubuntu/pok/examples/semaphores/pr1/../../..//libpok/libpok.a(libc.lo)
 *(COMMON)
 COMMON         0x00000000000025e4        0x2 main.o
                0x00000000000025e4                sid
 COMMON         0x00000000000025e6        0x2 activity.o
                0x00000000000025e6                val
 *fill*         0x00000000000025e8       0x18 
 COMMON         0x0000000000002600     0x84d0 /home/ubuntu/pok/examples/semaphores/pr1/../../..//libpok/libpok.a(core.lo)
                0x0000000000002600                pok_allocator_memspace
                0x000000000000a600                errno
                0x000000000000a620                pok_allocator_spaces
                0x000000000000aad0                __partition_end = .
LOAD main.o
LOAD activity.o
LOAD /home/ubuntu/pok/examples/semaphores/pr1/../../..//libpok/libpok.a
LOAD /home/ubuntu/pok/examples/semaphores/pr1/../../..//libpok//libpok.a
OUTPUT(pr1.elf elf32-i386)

.got            0x000000000000aad0        0x0
 .got           0x000000000000aad0        0x0 main.o

.got.plt        0x000000000000aad0        0xc
 .got.plt       0x000000000000aad0        0xc main.o
                0x000000000000aad0                _GLOBAL_OFFSET_TABLE_

.igot.plt       0x000000000000aadc        0x0
 .igot.plt      0x000000000000aadc        0x0 main.o

.data.rel.ro.local
                0x000000000000aae0       0x6c
 .data.rel.ro.local
                0x000000000000aae0       0x6c /home/ubuntu/pok/examples/semaphores/pr1/../../..//libpok/libpok.a(libc.lo)

.debug_info     0x0000000000000000     0x4c5a
 .debug_info    0x0000000000000000      0x459 main.o
 .debug_info    0x0000000000000459      0x283 activity.o
 .debug_info    0x00000000000006dc      0x32f /home/ubuntu/pok/examples/semaphores/pr1/../../..//libpok/libpok.a(arch.lo)
 .debug_info    0x0000000000000a0b     0x2c7c /home/ubuntu/pok/examples/semaphores/pr1/../../..//libpok/libpok.a(core.lo)
 .debug_info    0x0000000000003687     0x15d3 /home/ubuntu/pok/examples/semaphores/pr1/../../..//libpok/libpok.a(libc.lo)

.debug_abbrev   0x0000000000000000     0x1be3
 .debug_abbrev  0x0000000000000000      0x127 main.o
 .debug_abbrev  0x0000000000000127      0x14f activity.o
 .debug_abbrev  0x0000000000000276      0x11b /home/ubuntu/pok/examples/semaphores/pr1/../../..//libpok/libpok.a(arch.lo)
 .debug_abbrev  0x0000000000000391      0xd32 /home/ubuntu/pok/examples/semaphores/pr1/../../..//libpok/libpok.a(core.lo)
 .debug_abbrev  0x00000000000010c3      0xb20 /home/ubuntu/pok/examples/semaphores/pr1/../../..//libpok/libpok.a(libc.lo)

.debug_loc      0x0000000000000000     0x15ff
 .debug_loc     0x0000000000000000       0x71 main.o
 .debug_loc     0x0000000000000071      0x163 activity.o
 .debug_loc     0x00000000000001d4      0x30b /home/ubuntu/pok/examples/semaphores/pr1/../../..//libpok/libpok.a(core.lo)
 .debug_loc     0x00000000000004df     0x1120 /home/ubuntu/pok/examples/semaphores/pr1/../../..//libpok/libpok.a(libc.lo)

.debug_aranges  0x0000000000000000      0x490
 .debug_aranges
                0x0000000000000000       0x20 main.o
 .debug_aranges
                0x0000000000000020       0x20 activity.o
 .debug_aranges
                0x0000000000000040       0x40 /home/ubuntu/pok/examples/semaphores/pr1/../../..//libpok/libpok.a(arch.lo)
 .debug_aranges
                0x0000000000000080      0x1f8 /home/ubuntu/pok/examples/semaphores/pr1/../../..//libpok/libpok.a(core.lo)
 .debug_aranges
                0x0000000000000278      0x218 /home/ubuntu/pok/examples/semaphores/pr1/../../..//libpok/libpok.a(libc.lo)

.debug_line     0x0000000000000000     0x1a5f
 .debug_line    0x0000000000000000      0x1b1 main.o
 .debug_line    0x00000000000001b1      0x1d0 activity.o
 .debug_line    0x0000000000000381       0xf4 /home/ubuntu/pok/examples/semaphores/pr1/../../..//libpok/libpok.a(arch.lo)
 .debug_line    0x0000000000000475      0xbe1 /home/ubuntu/pok/examples/semaphores/pr1/../../..//libpok/libpok.a(core.lo)
 .debug_line    0x0000000000001056      0xa09 /home/ubuntu/pok/examples/semaphores/pr1/../../..//libpok/libpok.a(libc.lo)

.debug_str      0x0000000000000000     0x1366
 .debug_str     0x0000000000000000      0x8cf main.o
                                        0x919 (size before relaxing)
 .debug_str     0x00000000000008cf       0x56 activity.o
                                        0x1a7 (size before relaxing)
 .debug_str     0x0000000000000925       0x76 /home/ubuntu/pok/examples/semaphores/pr1/../../..//libpok/libpok.a(arch.lo)
                                        0x8b9 (size before relaxing)
 .debug_str     0x000000000000099b      0x6c2 /home/ubuntu/pok/examples/semaphores/pr1/../../..//libpok/libpok.a(core.lo)
                                       0x7525 (size before relaxing)
 .debug_str     0x000000000000105d      0x309 /home/ubuntu/pok/examples/semaphores/pr1/../../..//libpok/libpok.a(libc.lo)
                                       0x1803 (size before relaxing)

.comment        0x0000000000000000       0x2b
 .comment       0x0000000000000000       0x2b main.o
                                         0x2c (size before relaxing)
 .comment       0x000000000000002b       0x2c activity.o
 .comment       0x000000000000002b       0xb0 /home/ubuntu/pok/examples/semaphores/pr1/../../..//libpok/libpok.a(arch.lo)
 .comment       0x000000000000002b      0x630 /home/ubuntu/pok/examples/semaphores/pr1/../../..//libpok/libpok.a(core.lo)
 .comment       0x000000000000002b      0x2ec /home/ubuntu/pok/examples/semaphores/pr1/../../..//libpok/libpok.a(libc.lo)

.note.GNU-stack
                0x0000000000000000        0x0
 .note.GNU-stack
                0x0000000000000000        0x0 main.o
 .note.GNU-stack
                0x0000000000000000        0x0 activity.o
 .note.GNU-stack
                0x0000000000000000        0x0 /home/ubuntu/pok/examples/semaphores/pr1/../../..//libpok/libpok.a(arch.lo)
 .note.GNU-stack
                0x0000000000000000        0x0 /home/ubuntu/pok/examples/semaphores/pr1/../../..//libpok/libpok.a(core.lo)
 .note.GNU-stack
                0x0000000000000000        0x0 /home/ubuntu/pok/examples/semaphores/pr1/../../..//libpok/libpok.a(libc.lo)

.debug_ranges   0x0000000000000000       0xb8
 .debug_ranges  0x0000000000000000       0x50 activity.o
 .debug_ranges  0x0000000000000050       0x68 /home/ubuntu/pok/examples/semaphores/pr1/../../..//libpok/libpok.a(libc.lo)
