Archive member included to satisfy reference by file (symbol)

/home/ubuntu/pok/examples/semaphores/pr2/../../..//libpok/libpok.a(core.lo)
                              (__pok_partition_start)
/home/ubuntu/pok/examples/semaphores/pr2/../../..//libpok/libpok.a(libc.lo)
                              activity.o (printf)
/home/ubuntu/pok/examples/semaphores/pr2/../../..//libpok/libpok.a(arch.lo)
                              /home/ubuntu/pok/examples/semaphores/pr2/../../..//libpok/libpok.a(core.lo) (pok_do_syscall)

Allocating common symbols
Common symbol       size              file

pok_allocator_memspace
                    0x8000            /home/ubuntu/pok/examples/semaphores/pr2/../../..//libpok/libpok.a(core.lo)
errno               0x4               /home/ubuntu/pok/examples/semaphores/pr2/../../..//libpok/libpok.a(core.lo)
pok_allocator_spaces
                    0x4b0             /home/ubuntu/pok/examples/semaphores/pr2/../../..//libpok/libpok.a(core.lo)

Discarded input sections

 .group         0x0000000000000000        0x8 activity.o
 .group         0x0000000000000000        0x8 /home/ubuntu/pok/examples/semaphores/pr2/../../..//libpok/libpok.a(core.lo)
 .group         0x0000000000000000        0x8 /home/ubuntu/pok/examples/semaphores/pr2/../../..//libpok/libpok.a(core.lo)
 .text.__x86.get_pc_thunk.bx
                0x0000000000000000        0x4 /home/ubuntu/pok/examples/semaphores/pr2/../../..//libpok/libpok.a(core.lo)
 .group         0x0000000000000000        0x8 /home/ubuntu/pok/examples/semaphores/pr2/../../..//libpok/libpok.a(libc.lo)
 .group         0x0000000000000000        0x8 /home/ubuntu/pok/examples/semaphores/pr2/../../..//libpok/libpok.a(libc.lo)
 .group         0x0000000000000000        0x8 /home/ubuntu/pok/examples/semaphores/pr2/../../..//libpok/libpok.a(libc.lo)
 .group         0x0000000000000000        0x8 /home/ubuntu/pok/examples/semaphores/pr2/../../..//libpok/libpok.a(libc.lo)
 .text.__x86.get_pc_thunk.bx
                0x0000000000000000        0x4 /home/ubuntu/pok/examples/semaphores/pr2/../../..//libpok/libpok.a(libc.lo)
 .text.__x86.get_pc_thunk.di
                0x0000000000000000        0x4 /home/ubuntu/pok/examples/semaphores/pr2/../../..//libpok/libpok.a(libc.lo)

Memory Configuration

Name             Origin             Length             Attributes
*default*        0x0000000000000000 0xffffffffffffffff

Linker script and memory map

                0x0000000000000000                . = 0x0
                0x0000000000000000                __partition_begin = .

.text           0x0000000000000000     0x146b
 *(.text)
 .text          0x0000000000000000        0x6 main.o
                0x0000000000000000                main
 .text          0x0000000000000006       0x42 activity.o
                0x0000000000000006                pinger_job
 .text          0x0000000000000048      0xa0b /home/ubuntu/pok/examples/semaphores/pr2/../../..//libpok/libpok.a(core.lo)
                0x0000000000000048                pok_allocator_print_spaces
                0x00000000000000c3                pok_allocator_allocate
                0x00000000000002b1                pok_allocator_delete_space
                0x0000000000000320                pok_allocator_merge_space
                0x0000000000000414                pok_allocator_free
                0x0000000000000533                pok_time_gettick
                0x0000000000000592                pok_time_get
                0x00000000000005b1                __pok_partition_start
                0x00000000000005de                pok_sem_create
                0x000000000000066e                pok_sem_signal
                0x00000000000006e4                pok_sem_status
                0x00000000000006ea                pok_sem_wait
                0x0000000000000770                pok_thread_create
                0x00000000000007cf                pok_thread_attr_init
                0x0000000000000819                pok_thread_period
                0x0000000000000878                pok_thread_sleep
                0x00000000000008d7                pok_thread_status
                0x0000000000000936                pok_thread_delayed_start
                0x0000000000000995                pok_thread_set_priority
                0x00000000000009f4                pok_thread_resume
 .text          0x0000000000000a53      0xa04 /home/ubuntu/pok/examples/semaphores/pr2/../../..//libpok/libpok.a(libc.lo)
                0x0000000000000db4                vprintf
                0x0000000000000f1f                printf
                0x0000000000000f46                itoa
                0x0000000000000fed                atoi
                0x000000000000102e                memcpy
                0x0000000000001056                memset
                0x0000000000001078                memcmp
                0x00000000000010c5                strcmp
                0x0000000000001107                strncmp
                0x0000000000001165                strcpy
                0x0000000000001195                strncpy
                0x00000000000011cd                streq
                0x0000000000001282                strlen
                0x00000000000012a1                __udivdi3
                0x000000000000135b                __umoddi3
                0x0000000000001393                rand
                0x00000000000013cd                free
                0x00000000000013f9                malloc
                0x0000000000001425                calloc
 .text          0x0000000000001457       0x14 /home/ubuntu/pok/examples/semaphores/pr2/../../..//libpok/libpok.a(arch.lo)
                0x0000000000001457                pok_arch_idle
                0x000000000000145a                pok_do_syscall

.iplt           0x0000000000001470        0x0
 .iplt          0x0000000000001470        0x0 main.o

.text.__x86.get_pc_thunk.bx
                0x000000000000146b        0x4
 .text.__x86.get_pc_thunk.bx
                0x000000000000146b        0x4 activity.o
                0x000000000000146b                __x86.get_pc_thunk.bx

.text.__x86.get_pc_thunk.di
                0x000000000000146f        0x4
 .text.__x86.get_pc_thunk.di
                0x000000000000146f        0x4 /home/ubuntu/pok/examples/semaphores/pr2/../../..//libpok/libpok.a(core.lo)
                0x000000000000146f                __x86.get_pc_thunk.di

.text.__x86.get_pc_thunk.ax
                0x0000000000001473        0x4
 .text.__x86.get_pc_thunk.ax
                0x0000000000001473        0x4 /home/ubuntu/pok/examples/semaphores/pr2/../../..//libpok/libpok.a(libc.lo)
                0x0000000000001473                __x86.get_pc_thunk.ax

.text.__x86.get_pc_thunk.bp
                0x0000000000001477        0x4
 .text.__x86.get_pc_thunk.bp
                0x0000000000001477        0x4 /home/ubuntu/pok/examples/semaphores/pr2/../../..//libpok/libpok.a(libc.lo)
                0x0000000000001477                __x86.get_pc_thunk.bp

.rodata         0x000000000000147c       0x11
 *(.rodata)
 .rodata        0x000000000000147c       0x11 /home/ubuntu/pok/examples/semaphores/pr2/../../..//libpok/libpok.a(libc.lo)

.eh_frame       0x0000000000001490      0x974
 .eh_frame      0x0000000000001490       0x2c main.o
 .eh_frame      0x00000000000014bc       0x44 activity.o
                                         0x5c (size before relaxing)
 .eh_frame      0x0000000000001500      0x3fc /home/ubuntu/pok/examples/semaphores/pr2/../../..//libpok/libpok.a(core.lo)
                                        0x578 (size before relaxing)
 .eh_frame      0x00000000000018fc      0x4d8 /home/ubuntu/pok/examples/semaphores/pr2/../../..//libpok/libpok.a(libc.lo)
                                        0x680 (size before relaxing)
 .eh_frame      0x0000000000001dd4       0x30 /home/ubuntu/pok/examples/semaphores/pr2/../../..//libpok/libpok.a(arch.lo)
                                         0x60 (size before relaxing)

.rodata.str1.1  0x0000000000001e04       0x15
 .rodata.str1.1
                0x0000000000001e04       0x15 activity.o

.rodata.str1.4  0x0000000000001e1c      0x22c
 .rodata.str1.4
                0x0000000000001e1c      0x22c /home/ubuntu/pok/examples/semaphores/pr2/../../..//libpok/libpok.a(core.lo)
                                        0x22b (size before relaxing)

.rel.dyn        0x0000000000002048        0x0
 .rel.got       0x0000000000002048        0x0 main.o
 .rel.iplt      0x0000000000002048        0x0 main.o
 .rel.text      0x0000000000002048        0x0 main.o

.data           0x0000000000002060     0x8590
 *(.data)
 .data          0x0000000000002060        0x0 main.o
 .data          0x0000000000002060        0x0 activity.o
 .data          0x0000000000002060        0x0 /home/ubuntu/pok/examples/semaphores/pr2/../../..//libpok/libpok.a(core.lo)
 .data          0x0000000000002060        0x4 /home/ubuntu/pok/examples/semaphores/pr2/../../..//libpok/libpok.a(libc.lo)
 .data          0x0000000000002064        0x0 /home/ubuntu/pok/examples/semaphores/pr2/../../..//libpok/libpok.a(arch.lo)
 *(.bss)
 .bss           0x0000000000002064        0x0 main.o
 .bss           0x0000000000002064        0x0 activity.o
 .bss           0x0000000000002064        0x8 /home/ubuntu/pok/examples/semaphores/pr2/../../..//libpok/libpok.a(core.lo)
                0x0000000000002064                pok_allocator_initialized
                0x0000000000002068                pok_allocator_used_spaces
 *fill*         0x000000000000206c       0x14 
 .bss           0x0000000000002080       0x84 /home/ubuntu/pok/examples/semaphores/pr2/../../..//libpok/libpok.a(libc.lo)
 .bss           0x0000000000002104        0x0 /home/ubuntu/pok/examples/semaphores/pr2/../../..//libpok/libpok.a(arch.lo)
 *(COMMON)
 *fill*         0x0000000000002104       0x1c 
 COMMON         0x0000000000002120     0x84d0 /home/ubuntu/pok/examples/semaphores/pr2/../../..//libpok/libpok.a(core.lo)
                0x0000000000002120                pok_allocator_memspace
                0x000000000000a120                errno
                0x000000000000a140                pok_allocator_spaces
                0x000000000000a5f0                __partition_end = .
LOAD main.o
LOAD activity.o
LOAD /home/ubuntu/pok/examples/semaphores/pr2/../../..//libpok/libpok.a
LOAD /home/ubuntu/pok/examples/semaphores/pr2/../../..//libpok//libpok.a
OUTPUT(pr2.elf elf32-i386)

.got            0x000000000000a5f0        0x0
 .got           0x000000000000a5f0        0x0 main.o

.got.plt        0x000000000000a5f0        0xc
 .got.plt       0x000000000000a5f0        0xc main.o
                0x000000000000a5f0                _GLOBAL_OFFSET_TABLE_

.igot.plt       0x000000000000a5fc        0x0
 .igot.plt      0x000000000000a5fc        0x0 main.o

.data.rel.ro.local
                0x000000000000a600       0x6c
 .data.rel.ro.local
                0x000000000000a600       0x6c /home/ubuntu/pok/examples/semaphores/pr2/../../..//libpok/libpok.a(libc.lo)

.debug_info     0x0000000000000000     0x46c6
 .debug_info    0x0000000000000000       0x89 main.o
 .debug_info    0x0000000000000089       0xbf activity.o
 .debug_info    0x0000000000000148     0x2c7c /home/ubuntu/pok/examples/semaphores/pr2/../../..//libpok/libpok.a(core.lo)
 .debug_info    0x0000000000002dc4     0x15d3 /home/ubuntu/pok/examples/semaphores/pr2/../../..//libpok/libpok.a(libc.lo)
 .debug_info    0x0000000000004397      0x32f /home/ubuntu/pok/examples/semaphores/pr2/../../..//libpok/libpok.a(arch.lo)

.debug_abbrev   0x0000000000000000     0x1a52
 .debug_abbrev  0x0000000000000000       0x60 main.o
 .debug_abbrev  0x0000000000000060       0x85 activity.o
 .debug_abbrev  0x00000000000000e5      0xd32 /home/ubuntu/pok/examples/semaphores/pr2/../../..//libpok/libpok.a(core.lo)
 .debug_abbrev  0x0000000000000e17      0xb20 /home/ubuntu/pok/examples/semaphores/pr2/../../..//libpok/libpok.a(libc.lo)
 .debug_abbrev  0x0000000000001937      0x11b /home/ubuntu/pok/examples/semaphores/pr2/../../..//libpok/libpok.a(arch.lo)

.debug_aranges  0x0000000000000000      0x490
 .debug_aranges
                0x0000000000000000       0x20 main.o
 .debug_aranges
                0x0000000000000020       0x20 activity.o
 .debug_aranges
                0x0000000000000040      0x1f8 /home/ubuntu/pok/examples/semaphores/pr2/../../..//libpok/libpok.a(core.lo)
 .debug_aranges
                0x0000000000000238      0x218 /home/ubuntu/pok/examples/semaphores/pr2/../../..//libpok/libpok.a(libc.lo)
 .debug_aranges
                0x0000000000000450       0x40 /home/ubuntu/pok/examples/semaphores/pr2/../../..//libpok/libpok.a(arch.lo)

.debug_line     0x0000000000000000     0x194a
 .debug_line    0x0000000000000000       0xdc main.o
 .debug_line    0x00000000000000dc      0x190 activity.o
 .debug_line    0x000000000000026c      0xbe1 /home/ubuntu/pok/examples/semaphores/pr2/../../..//libpok/libpok.a(core.lo)
 .debug_line    0x0000000000000e4d      0xa09 /home/ubuntu/pok/examples/semaphores/pr2/../../..//libpok/libpok.a(libc.lo)
 .debug_line    0x0000000000001856       0xf4 /home/ubuntu/pok/examples/semaphores/pr2/../../..//libpok/libpok.a(arch.lo)

.debug_str      0x0000000000000000     0x128e
 .debug_str     0x0000000000000000      0x105 main.o
                                        0x12d (size before relaxing)
 .debug_str     0x0000000000000105       0x27 activity.o
                                        0x154 (size before relaxing)
 .debug_str     0x000000000000012c      0xdde /home/ubuntu/pok/examples/semaphores/pr2/../../..//libpok/libpok.a(core.lo)
                                       0x7525 (size before relaxing)
 .debug_str     0x0000000000000f0a      0x30e /home/ubuntu/pok/examples/semaphores/pr2/../../..//libpok/libpok.a(libc.lo)
                                       0x1803 (size before relaxing)
 .debug_str     0x0000000000001218       0x76 /home/ubuntu/pok/examples/semaphores/pr2/../../..//libpok/libpok.a(arch.lo)
                                        0x8b9 (size before relaxing)

.comment        0x0000000000000000       0x2b
 .comment       0x0000000000000000       0x2b main.o
                                         0x2c (size before relaxing)
 .comment       0x000000000000002b       0x2c activity.o
 .comment       0x000000000000002b      0x630 /home/ubuntu/pok/examples/semaphores/pr2/../../..//libpok/libpok.a(core.lo)
 .comment       0x000000000000002b      0x2ec /home/ubuntu/pok/examples/semaphores/pr2/../../..//libpok/libpok.a(libc.lo)
 .comment       0x000000000000002b       0xb0 /home/ubuntu/pok/examples/semaphores/pr2/../../..//libpok/libpok.a(arch.lo)

.note.GNU-stack
                0x0000000000000000        0x0
 .note.GNU-stack
                0x0000000000000000        0x0 main.o
 .note.GNU-stack
                0x0000000000000000        0x0 activity.o
 .note.GNU-stack
                0x0000000000000000        0x0 /home/ubuntu/pok/examples/semaphores/pr2/../../..//libpok/libpok.a(core.lo)
 .note.GNU-stack
                0x0000000000000000        0x0 /home/ubuntu/pok/examples/semaphores/pr2/../../..//libpok/libpok.a(libc.lo)
 .note.GNU-stack
                0x0000000000000000        0x0 /home/ubuntu/pok/examples/semaphores/pr2/../../..//libpok/libpok.a(arch.lo)

.debug_loc      0x0000000000000000     0x142b
 .debug_loc     0x0000000000000000      0x30b /home/ubuntu/pok/examples/semaphores/pr2/../../..//libpok/libpok.a(core.lo)
 .debug_loc     0x000000000000030b     0x1120 /home/ubuntu/pok/examples/semaphores/pr2/../../..//libpok/libpok.a(libc.lo)

.debug_ranges   0x0000000000000000       0x68
 .debug_ranges  0x0000000000000000       0x68 /home/ubuntu/pok/examples/semaphores/pr2/../../..//libpok/libpok.a(libc.lo)
