
Allocating common symbols
Common symbol       size              file

pok_idt             0x800             kernel/kernel.lo
pok_x86_pm_heap_end
                    0x4               kernel/kernel.lo
pok_multiboot_magic
                    0x4               kernel/kernel.lo
pok_x86_pm_heap_start
                    0x4               kernel/kernel.lo
pok_sched_next_major_frame
                    0x8               kernel/kernel.lo
pok_multiboot_info  0x4               kernel/kernel.lo
pit_freq            0x4               kernel/kernel.lo
pok_threads         0x24c             kernel/kernel.lo
pok_stack           0x4000            kernel/kernel.lo
pok_x86_pm_brk      0x4               kernel/kernel.lo
pok_sched_next_deadline
                    0x8               kernel/kernel.lo
pok_global_sched    0x4               kernel/kernel.lo
pok_partitions      0xb8              kernel/kernel.lo
pok_gdt             0x800             kernel/kernel.lo
pok_sched_next_flush
                    0x8               kernel/kernel.lo
g_cons              0x3               kernel/kernel.lo
pok_tss             0x68              kernel/kernel.lo
pok_partitions_lockobjs
                    0x80              kernel/kernel.lo
pok_current_partition
                    0x2               kernel/kernel.lo

Discarded input sections

 .group         0x0000000000000000        0x8 kernel/kernel.lo
 .group         0x0000000000000000        0x8 kernel/kernel.lo
 .group         0x0000000000000000        0x8 kernel/kernel.lo
 .group         0x0000000000000000        0x8 kernel/kernel.lo
 .group         0x0000000000000000        0x8 kernel/kernel.lo
 .group         0x0000000000000000        0x8 kernel/kernel.lo
 .group         0x0000000000000000        0x8 kernel/kernel.lo

Memory Configuration

Name             Origin             Length             Attributes
*default*        0x0000000000000000 0xffffffffffffffff

Linker script and memory map

                0x0000000000100000                . = 0x100000
                0x0000000000100000                __pok_begin = .

.text           0x0000000000100000     0x4b69
 *(.multiboot)
 .multiboot     0x0000000000100000       0x14 kernel/kernel.lo
 *(.text)
 .text          0x0000000000100014     0x4b55 kernel/kernel.lo
                0x0000000000100014                pok_partition_setup_scheduler
                0x0000000000100037                pok_partition_setup_main_thread
                0x00000000001000bf                pok_partition_init
                0x000000000010026f                pok_partition_set_mode
                0x0000000000100466                pok_partition_set_mode_current
                0x00000000001004be                pok_current_partition_get_id
                0x00000000001004de                pok_current_partition_get_period
                0x0000000000100511                pok_current_partition_get_duration
                0x0000000000100542                pok_current_partition_get_operating_mode
                0x000000000010056e                pok_current_partition_get_lock_level
                0x000000000010059a                pok_current_partition_get_start_condition
                0x00000000001005c6                debug_strlen
                0x00000000001005e5                pok_debug_print_current_state
                0x00000000001008b5                pok_fatal
                0x0000000000100908                pok_lockobj_init
                0x000000000010092f                pok_lockobj_create
                0x00000000001009cc                pok_lockobj_partition_create
                0x0000000000100ad2                pok_lockobj_eventsignal
                0x0000000000100b47                pok_lockobj_eventbroadcast
                0x0000000000100bb6                pok_lockobj_lock
                0x0000000000100d2d                pok_lockobj_unlock
                0x0000000000100e32                pok_lockobj_eventwait
                0x0000000000100f4c                pok_lockobj_partition_wrapper
                0x0000000000101085                pok_thread_init
                0x0000000000101241                pok_partition_thread_create
                0x0000000000101436                pok_thread_start
                0x0000000000101450                pok_thread_sleep
                0x000000000010149a                pok_thread_suspend
                0x00000000001014cc                pok_thread_delayed_start
                0x000000000010166c                pok_thread_get_status
                0x00000000001016f2                pok_thread_set_priority
                0x0000000000101756                pok_thread_resume
                0x00000000001017cb                pok_thread_suspend_target
                0x0000000000101826                pok_sched_init
                0x00000000001018e7                pok_sched_get_priority_min
                0x00000000001018ed                pok_sched_get_priority_max
                0x00000000001018f3                pok_elect_partition
                0x0000000000101961                pok_elect_thread
                0x0000000000101b86                pok_sched_context_switch
                0x0000000000101bfc                pok_sched
                0x0000000000101c78                pok_sched_part_pri_p
                0x0000000000101d34                pok_sched_part_pri_nop
                0x0000000000101e6b                pok_sched_part_edf_p
                0x0000000000101f5a                pok_sched_part_edf_nop
                0x000000000010208b                pok_sched_part_fifo
                0x0000000000102102                pok_sched_part_rr
                0x0000000000102185                pok_sched_unlock_thread
                0x00000000001021a3                pok_sched_lock_current_thread
                0x00000000001021c3                pok_sched_lock_current_thread_timed
                0x00000000001021f1                pok_sched_stop_self
                0x000000000010222b                pok_sched_stop_thread
                0x0000000000102249                pok_sched_end_period
                0x0000000000102296                pok_sched_get_current
                0x00000000001022c0                pok_time_init
                0x00000000001022fc                pok_gettick_by_pointer
                0x0000000000102323                pok_core_syscall
                0x0000000000102a6d                pok_loader_load_partition
                0x0000000000102bac                pok_boot
                0x0000000000102c03                pok_print_char
                0x0000000000102c3e                pok_print_attr
                0x0000000000102c79                pok_write
                0x0000000000102cba                pok_print_init
                0x0000000000102cde                memcpy
                0x0000000000102d05                memset
                0x0000000000102d27                __udivdi3
                0x0000000000102de1                __umoddi3
                0x0000000000103037                vprintf
                0x00000000001031a4                printf
                0x00000000001031cb                strlen
                0x00000000001031ea                strcmp
                0x000000000010322c                strncmp
                0x000000000010328a                pok_cons_attr
                0x00000000001032a2                is_transmitter_holding_register
                0x00000000001032af                write_serial
                0x00000000001032c6                pok_cons_print_char
                0x0000000000103431                is_received_data_ready
                0x000000000010343b                read_serial
                0x0000000000103453                pok_cons_get_char
                0x0000000000103472                pok_cons_clear
                0x00000000001034f8                pok_cons_write
                0x0000000000103617                pok_cons_disable_cursor
                0x000000000010364b                pok_cons_init
                0x00000000001036f4                core_entry
                0x00000000001036f4                _core_entry
                0x0000000000103711                pok_bsp_init
                0x0000000000103748                pok_bsp_irq_acknowledge
                0x000000000010377b                pok_bsp_irq_register
                0x00000000001037c5                pok_bsp_mem_alloc
                0x00000000001037f1                pok_bsp_time_init
                0x0000000000103819                pok_pm_init
                0x0000000000103862                pok_pm_sbrk
                0x000000000010387d                pok_pic_init
                0x00000000001038da                pok_pic_mask
                0x0000000000103927                pok_pic_unmask
                0x0000000000103974                pok_pic_eoi
                0x0000000000103990                pit_interrupt
                0x00000000001039b5                pit_interrupt_handler
                0x0000000000103a32                pok_x86_qemu_timer_init
                0x0000000000103aab                pok_arch_init
                0x0000000000103add                pok_arch_preempt_disable
                0x0000000000103ae4                pok_arch_preempt_enable
                0x0000000000103aeb                pok_arch_idle
                0x0000000000103aee                pok_arch_event_register
                0x0000000000103b2b                pok_thread_stack_addr
                0x0000000000103b54                tss_set_esp0
                0x0000000000103b6c                gdt_set_segment
                0x0000000000103c5f                gdt_set_system
                0x0000000000103cec                pok_tss_init
                0x0000000000103d4c                pok_gdt_init
                0x0000000000103ddc                gdt_enable
                0x0000000000103df7                gdt_disable
                0x0000000000103e12                pok_idt_init
                0x0000000000103e5f                pok_event_init
                0x0000000000103e96                pok_idt_set_gate
                0x0000000000103f07                pok_context_switch
                0x0000000000103f1c                pok_context_create
                0x0000000000103f89                pok_context_reset
                0x0000000000103ff0                pok_dispatch_space
                0x00000000001040a7                pok_create_space
                0x0000000000104109                pok_space_switch
                0x0000000000104175                pok_space_base_vaddr
                0x000000000010417b                pok_space_context_create
                0x000000000010422c                syscall_gate
                0x0000000000104255                syscall_gate_handler
                0x00000000001042f5                pok_syscall_init
                0x0000000000104330                update_tss
                0x0000000000104354                exception_divide_error
                0x0000000000104379                exception_debug
                0x000000000010439e                exception_nmi
                0x00000000001043c3                exception_breakpoint
                0x00000000001043e8                exception_overflow
                0x000000000010440d                exception_boundrange
                0x0000000000104432                exception_invalidopcode
                0x0000000000104457                exception_nomath_coproc
                0x000000000010447c                exception_doublefault
                0x000000000010449e                exception_copseg_overrun
                0x00000000001044c3                exception_invalid_tss
                0x00000000001044e5                exception_segment_not_present
                0x0000000000104507                exception_stackseg_fault
                0x0000000000104529                exception_general_protection
                0x000000000010454b                exception_pagefault
                0x000000000010456d                exception_fpu_fault
                0x0000000000104592                exception_alignement_check
                0x00000000001045b4                exception_machine_check
                0x00000000001045d9                exception_simd_fault
                0x00000000001046c6                pok_exception_init
                0x0000000000104717                exception_divide_error_handler
                0x0000000000104746                exception_debug_handler
                0x0000000000104781                exception_nmi_handler
                0x00000000001047bc                exception_breakpoint_handler
                0x00000000001047f7                exception_overflow_handler
                0x0000000000104832                exception_boundrange_handler
                0x000000000010486d                exception_invalidopcode_handler
                0x00000000001048a8                exception_nomath_coproc_handler
                0x00000000001048e3                exception_doublefault_handler
                0x000000000010491e                exception_copseg_overrun_handler
                0x0000000000104959                exception_invalid_tss_handler
                0x0000000000104994                exception_segment_not_present_handler
                0x00000000001049cf                exception_stackseg_fault_handler
                0x0000000000104a0a                exception_general_protection_handler
                0x0000000000104a45                exception_pagefault_handler
                0x0000000000104a80                exception_fpu_fault_handler
                0x0000000000104abb                exception_alignement_check_handler
                0x0000000000104af6                exception_machine_check_handler
                0x0000000000104b2e                exception_simd_fault_handler
 .text          0x0000000000104b69        0x0 sizes.o

.text.__x86.get_pc_thunk.ax
                0x0000000000104b69        0x4
 .text.__x86.get_pc_thunk.ax
                0x0000000000104b69        0x4 kernel/kernel.lo
                0x0000000000104b69                __x86.get_pc_thunk.ax

.text.__x86.get_pc_thunk.dx
                0x0000000000104b6d        0x4
 .text.__x86.get_pc_thunk.dx
                0x0000000000104b6d        0x4 kernel/kernel.lo
                0x0000000000104b6d                __x86.get_pc_thunk.dx

.text.__x86.get_pc_thunk.bx
                0x0000000000104b71        0x4
 .text.__x86.get_pc_thunk.bx
                0x0000000000104b71        0x4 kernel/kernel.lo
                0x0000000000104b71                __x86.get_pc_thunk.bx

.text.__x86.get_pc_thunk.bp
                0x0000000000104b75        0x4
 .text.__x86.get_pc_thunk.bp
                0x0000000000104b75        0x4 kernel/kernel.lo
                0x0000000000104b75                __x86.get_pc_thunk.bp

.text.__x86.get_pc_thunk.cx
                0x0000000000104b79        0x4
 .text.__x86.get_pc_thunk.cx
                0x0000000000104b79        0x4 kernel/kernel.lo
                0x0000000000104b79                __x86.get_pc_thunk.cx

.text.__x86.get_pc_thunk.si
                0x0000000000104b7d        0x4
 .text.__x86.get_pc_thunk.si
                0x0000000000104b7d        0x4 kernel/kernel.lo
                0x0000000000104b7d                __x86.get_pc_thunk.si

.text.__x86.get_pc_thunk.di
                0x0000000000104b81        0x4
 .text.__x86.get_pc_thunk.di
                0x0000000000104b81        0x4 kernel/kernel.lo
                0x0000000000104b81                __x86.get_pc_thunk.di

.iplt           0x0000000000104b88        0x0
 .iplt          0x0000000000104b88        0x0 kernel/kernel.lo

.rodata         0x0000000000104b88       0x29
 *(.rodata)
 .rodata        0x0000000000104b88       0x29 kernel/kernel.lo

.rodata.str1.1  0x0000000000104bb1      0x489
 .rodata.str1.1
                0x0000000000104bb1      0x489 kernel/kernel.lo
                                        0x48b (size before relaxing)

.rodata.str1.4  0x000000000010503c       0xd4
 .rodata.str1.4
                0x000000000010503c       0xd4 kernel/kernel.lo
                                         0xd3 (size before relaxing)

.eh_frame       0x0000000000105110     0x1c4c
 .eh_frame      0x0000000000105110     0x1c4c kernel/kernel.lo
                                       0x1f04 (size before relaxing)

.rel.dyn        0x0000000000106d5c        0x0
 .rel.got       0x0000000000106d5c        0x0 kernel/kernel.lo
 .rel.iplt      0x0000000000106d5c        0x0 kernel/kernel.lo
 .rel.text      0x0000000000106d5c        0x0 kernel/kernel.lo

.data           0x0000000000106d60    0x58db2
 *(.data)
 .data          0x0000000000106d60       0x40 kernel/kernel.lo
                0x0000000000106d60                current_thread
                0x0000000000106d64                pok_sched_slots_allocation
                0x0000000000106d80                pok_sched_slots
 .data          0x0000000000106da0        0x8 sizes.o
                0x0000000000106da0                part_sizes
 *(.bss)
 *fill*         0x0000000000106da8       0x18 
 .bss           0x0000000000106dc0     0x2048 kernel/kernel.lo
                0x0000000000106dc0                pok_partitions_index
                0x0000000000106dc2                pok_sched_current_slot
                0x0000000000106dc8                pok_tick_counter
                0x0000000000106dd0                pok_print_attr_fn
                0x0000000000106dd4                pok_print_char_fn
 .bss           0x0000000000108e08        0x0 sizes.o
 *(COMMON)
 *fill*         0x0000000000108e08       0x18 
 COMMON         0x0000000000108e20     0x5482 kernel/kernel.lo
                0x0000000000108e20                pok_idt
                0x0000000000109620                pok_x86_pm_heap_end
                0x0000000000109624                pok_multiboot_magic
                0x0000000000109628                pok_x86_pm_heap_start
                0x0000000000109630                pok_sched_next_major_frame
                0x0000000000109638                pok_multiboot_info
                0x000000000010963c                pit_freq
                0x0000000000109640                pok_threads
                0x0000000000109890                pok_stack
                0x000000000010d890                pok_x86_pm_brk
                0x000000000010d898                pok_sched_next_deadline
                0x000000000010d8a0                pok_global_sched
                0x000000000010d8c0                pok_partitions
                0x000000000010d980                pok_gdt
                0x000000000010e180                pok_sched_next_flush
                0x000000000010e188                g_cons
                0x000000000010e1a0                pok_tss
                0x000000000010e220                pok_partitions_lockobjs
                0x000000000010e2a0                pok_current_partition
                0x000000000010e2a2                __archive_begin = .
 *(.archive)
                0x000000000010e2a2                __archive_end = .
                0x000000000010e2a2                __archive2_begin = .
 *(.archive2)
 .archive2      0x000000000010e2a2    0x51870 sizes.o
                0x000000000015fb12                __archive2_end = .
                0x000000000015fb12                __pok_end = .
LOAD kernel/kernel.lo
LOAD sizes.o
OUTPUT(/home/ubuntu/pok/examples/test2/pok.elf elf32-i386)

.data.rel.ro.local
                0x000000000015fb20       0x60
 .data.rel.ro.local
                0x000000000015fb20       0x60 kernel/kernel.lo

.data.rel.ro    0x000000000015fb80       0xa0
 .data.rel.ro   0x000000000015fb80       0xa0 kernel/kernel.lo

.got            0x000000000015fc20        0x8
 .got           0x000000000015fc20        0x8 kernel/kernel.lo

.got.plt        0x000000000015fc28        0xc
 .got.plt       0x000000000015fc28        0xc kernel/kernel.lo
                0x000000000015fc28                _GLOBAL_OFFSET_TABLE_

.igot.plt       0x000000000015fc34        0x0
 .igot.plt      0x000000000015fc34        0x0 kernel/kernel.lo

.comment        0x0000000000000000       0x2b
 .comment       0x0000000000000000       0x2b kernel/kernel.lo
                                        0x9a0 (size before relaxing)
 .comment       0x000000000000002b       0x2c sizes.o

.note.GNU-stack
                0x0000000000000000        0x0
 .note.GNU-stack
                0x0000000000000000        0x0 kernel/kernel.lo
 .note.GNU-stack
                0x0000000000000000        0x0 sizes.o

.debug_aranges  0x0000000000000000      0x668
 .debug_aranges
                0x0000000000000000      0x650 kernel/kernel.lo
 .debug_aranges
                0x0000000000000650       0x18 sizes.o

.debug_info     0x0000000000000000     0x9eb2
 .debug_info    0x0000000000000000     0x9e3e kernel/kernel.lo
 .debug_info    0x0000000000009e3e       0x74 sizes.o

.debug_abbrev   0x0000000000000000     0x2b24
 .debug_abbrev  0x0000000000000000     0x2ad9 kernel/kernel.lo
 .debug_abbrev  0x0000000000002ad9       0x4b sizes.o

.debug_line     0x0000000000000000     0x27d8
 .debug_line    0x0000000000000000     0x2766 kernel/kernel.lo
 .debug_line    0x0000000000002766       0x72 sizes.o

.debug_str      0x0000000000000000     0x25b4
 .debug_str     0x0000000000000000     0x2542 kernel/kernel.lo
                                       0xbfeb (size before relaxing)
 .debug_str     0x0000000000002542       0x72 sizes.o
                                         0xe7 (size before relaxing)

.debug_loc      0x0000000000000000     0x26b6
 .debug_loc     0x0000000000000000     0x26b6 kernel/kernel.lo

.debug_ranges   0x0000000000000000      0x370
 .debug_ranges  0x0000000000000000      0x370 kernel/kernel.lo
